#
# There is insufficient memory for the Java Runtime Environment to continue.
# Native memory allocation (mmap) failed to map 264241152 bytes for G1 virtual space
# Possible reasons:
#   The system is out of physical RAM or swap space
#   The process is running with CompressedOops enabled, and the Java Heap may be blocking the growth of the native heap
# Possible solutions:
#   Reduce memory load on the system
#   Increase physical memory or swap space
#   Check if swap backing store is full
#   Decrease Java heap size (-Xmx/-Xms)
#   Decrease number of Java threads
#   Decrease Java thread stack sizes (-Xss)
#   Set larger code cache with -XX:ReservedCodeCacheSize=
#   JVM is running with Zero Based Compressed Oops mode in which the Java heap is
#     placed in the first 32GB address space. The Java Heap base address is the
#     maximum limit for the native heap growth. Please use -XX:HeapBaseMinAddress
#     to set the Java Heap base and to place the Java Heap above 32GB virtual address.
# This output file may be truncated or incomplete.
#
#  Out of Memory Error (os_windows.cpp:3469), pid=12616, tid=20588
#
# JRE version:  (17.0+35) (build )
# Java VM: OpenJDK 64-Bit Server VM (17+35-2724, mixed mode, sharing, tiered, compressed oops, compressed class ptrs, g1 gc, windows-amd64)
# No core dump will be written. Minidumps are not enabled by default on client versions of Windows
#

---------------  S U M M A R Y ------------

Command Line: -Dnet.bytebuddy.agent.attacher.dump= net.bytebuddy.agent.Attacher com.sun.tools.attach.VirtualMachine 2628 C:\Users\예연\.gradle\caches\modules-2\files-2.1\net.bytebuddy\byte-buddy-agent\1.14.15\b4cc9d88d5de562bf75b3a54ab436ad01b3f72d\byte-buddy-agent-1.14.15.jar false 

Host: 13th Gen Intel(R) Core(TM) i5-1335U, 12 cores, 15G,  Windows 10 , 64 bit Build 22621 (10.0.22621.5415)
Time: Tue Jul 28 14:43:07 2026  Windows 10 , 64 bit Build 22621 (10.0.22621.5415) elapsed time: 0.022361 seconds (0d 0h 0m 0s)

---------------  T H R E A D  ---------------

Current thread (0x000001caf7900ee0):  JavaThread "Unknown thread" [_thread_in_vm, id=20588, stack(0x000000a2bbe00000,0x000000a2bbf00000)]

Stack: [0x000000a2bbe00000,0x000000a2bbf00000]
Native frames: (J=compiled Java code, j=interpreted, Vv=VM code, C=native code)
V  [jvm.dll+0x66f8ea]
V  [jvm.dll+0x7ce224]
V  [jvm.dll+0x7cf9ce]
V  [jvm.dll+0x7d0033]
V  [jvm.dll+0x242bb5]
V  [jvm.dll+0x66c909]
V  [jvm.dll+0x6613d2]
V  [jvm.dll+0x30082b]
V  [jvm.dll+0x307db6]
V  [jvm.dll+0x357a0e]
V  [jvm.dll+0x357c3f]
V  [jvm.dll+0x2d7ae8]
V  [jvm.dll+0x2d8a54]
V  [jvm.dll+0x7a00a1]
V  [jvm.dll+0x365781]
V  [jvm.dll+0x77f59c]
V  [jvm.dll+0x3e805f]
V  [jvm.dll+0x3e9b01]
C  [jli.dll+0x527b]
C  [ucrtbase.dll+0x29333]
C  [KERNEL32.DLL+0x1259d]
C  [ntdll.dll+0x5af78]


---------------  P R O C E S S  ---------------

Threads class SMR info:
_java_thread_list=0x00007ff9dc767818, length=0, elements={
}

Java Threads: ( => current thread )

Other Threads:
  0x000001caf7951570 GCTaskThread "GC Thread#0" [stack: 0x000000a2bbf00000,0x000000a2bc000000] [id=16376]
  0x000001caf7964060 ConcurrentGCThread "G1 Main Marker" [stack: 0x000000a2bc000000,0x000000a2bc100000] [id=24500]
  0x000001caf7965a80 ConcurrentGCThread "G1 Conc#0" [stack: 0x000000a2bc100000,0x000000a2bc200000] [id=23788]

[error occurred during error reporting (printing all threads), id 0xc0000005, EXCEPTION_ACCESS_VIOLATION (0xc0000005) at pc=0x00007ff9dbfb84c7]

VM state: not at safepoint (not fully initialized)

VM Mutex/Monitor currently owned by a thread:  ([mutex/lock_event])
[0x000001caf78fc480] Heap_lock - owner thread: 0x000001caf7900ee0

Heap address: 0x0000000704600000, size: 4026 MB, Compressed Oops mode: Zero based, Oop shift amount: 3

CDS archive(s) mapped at: [0x0000000000000000-0x0000000000000000-0x0000000000000000), size 0, SharedBaseAddress: 0x0000000800000000, ArchiveRelocationMode: 0.
Narrow klass base: 0x0000000000000000, Narrow klass shift: 0, Narrow klass range: 0x0

GC Precious Log:
<Empty>

Heap:
 garbage-first heap   total 0K, used 0K [0x0000000704600000, 0x0000000800000000)
  region size 2048K, 0 young (0K), 0 survivors (0K)

[error occurred during error reporting (printing heap information), id 0xc0000005, EXCEPTION_ACCESS_VIOLATION (0xc0000005) at pc=0x00007ff9dc398c59]

GC Heap History (0 events):
No events

Deoptimization events (0 events):
No events

Classes unloaded (0 events):
No events

Classes redefined (0 events):
No events

Internal exceptions (0 events):
No events

VM Operations (0 events):
No events

Events (1 events):
Event: 0.014 Loaded shared library C:\jdk-17\bin\java.dll


Dynamic libraries:
0x00007ff6dcc40000 - 0x00007ff6dcc4e000 	C:\jdk-17\bin\java.exe
0x00007ffa5bfb0000 - 0x00007ffa5c1c8000 	C:\Windows\SYSTEM32\ntdll.dll
0x00007ffa5a360000 - 0x00007ffa5a424000 	C:\Windows\System32\KERNEL32.DLL
0x00007ffa590f0000 - 0x00007ffa594c3000 	C:\Windows\System32\KERNELBASE.dll
0x00007ffa59740000 - 0x00007ffa59851000 	C:\Windows\System32\ucrtbase.dll
0x00007ffa3db60000 - 0x00007ffa3db7a000 	C:\jdk-17\bin\VCRUNTIME140.dll
0x00007ffa3cac0000 - 0x00007ffa3cad8000 	C:\jdk-17\bin\jli.dll
0x00007ffa59ea0000 - 0x00007ffa5a052000 	C:\Windows\System32\USER32.dll
0x00007ffa59550000 - 0x00007ffa59576000 	C:\Windows\System32\win32u.dll
0x00007ffa3fdf0000 - 0x00007ffa4008c000 	C:\Windows\WinSxS\amd64_microsoft.windows.common-controls_6595b64144ccf1df_6.0.22621.6060_none_2712eda17382d24b\COMCTL32.dll
0x00007ffa5aba0000 - 0x00007ffa5abc9000 	C:\Windows\System32\GDI32.dll
0x00007ffa59860000 - 0x00007ffa5997b000 	C:\Windows\System32\gdi32full.dll
0x00007ffa59df0000 - 0x00007ffa59e97000 	C:\Windows\System32\msvcrt.dll
0x00007ffa59bb0000 - 0x00007ffa59c4a000 	C:\Windows\System32\msvcp_win.dll
0x00007ffa5a320000 - 0x00007ffa5a351000 	C:\Windows\System32\IMM32.DLL
0x00007ffa4ec90000 - 0x00007ffa4ec9c000 	C:\jdk-17\bin\vcruntime140_1.dll
0x00007ffa33c10000 - 0x00007ffa33c9d000 	C:\jdk-17\bin\msvcp140.dll
0x00007ff9dbcd0000 - 0x00007ff9dc88e000 	C:\jdk-17\bin\server\jvm.dll
0x00007ffa5a260000 - 0x00007ffa5a311000 	C:\Windows\System32\ADVAPI32.dll
0x00007ffa5b1a0000 - 0x00007ffa5b248000 	C:\Windows\System32\sechost.dll
0x00007ffa590c0000 - 0x00007ffa590e8000 	C:\Windows\System32\bcrypt.dll
0x00007ffa59cd0000 - 0x00007ffa59de8000 	C:\Windows\System32\RPCRT4.dll
0x00007ffa5b360000 - 0x00007ffa5b368000 	C:\Windows\System32\PSAPI.DLL
0x00007ffa4efb0000 - 0x00007ffa4efe4000 	C:\Windows\SYSTEM32\WINMM.dll
0x00007ffa4e020000 - 0x00007ffa4e029000 	C:\Windows\SYSTEM32\WSOCK32.dll
0x00007ffa40180000 - 0x00007ffa4018a000 	C:\Windows\SYSTEM32\VERSION.dll
0x00007ffa59c50000 - 0x00007ffa59cc1000 	C:\Windows\System32\WS2_32.dll
0x00007ffa57fc0000 - 0x00007ffa57fd8000 	C:\Windows\SYSTEM32\kernel.appcore.dll
0x00007ffa4d560000 - 0x00007ffa4d56a000 	C:\jdk-17\bin\jimage.dll
0x00007ffa56ac0000 - 0x00007ffa56cf3000 	C:\Windows\SYSTEM32\DBGHELP.DLL
0x00007ffa5a800000 - 0x00007ffa5ab91000 	C:\Windows\System32\combase.dll
0x00007ffa5ac40000 - 0x00007ffa5ad18000 	C:\Windows\System32\OLEAUT32.dll
0x00007ffa3eee0000 - 0x00007ffa3ef12000 	C:\Windows\SYSTEM32\dbgcore.DLL
0x00007ffa594d0000 - 0x00007ffa5954b000 	C:\Windows\System32\bcryptPrimitives.dll
0x00007ffa3ca90000 - 0x00007ffa3cab5000 	C:\jdk-17\bin\java.dll

dbghelp: loaded successfully - version: 4.0.5 - missing functions: none
symbol engine: initialized successfully - sym options: 0x614 - pdb path: .;C:\jdk-17\bin;C:\Windows\SYSTEM32;C:\Windows\WinSxS\amd64_microsoft.windows.common-controls_6595b64144ccf1df_6.0.22621.6060_none_2712eda17382d24b;C:\jdk-17\bin\server

VM Arguments:
jvm_args: -Dnet.bytebuddy.agent.attacher.dump= 
java_command: net.bytebuddy.agent.Attacher com.sun.tools.attach.VirtualMachine 2628 C:\Users\예연\.gradle\caches\modules-2\files-2.1\net.bytebuddy\byte-buddy-agent\1.14.15\b4cc9d88d5de562bf75b3a54ab436ad01b3f72d\byte-buddy-agent-1.14.15.jar false 
java_class_path (initial): C:\Users\예연\.gradle\caches\modules-2\files-2.1\net.bytebuddy\byte-buddy-agent\1.14.15\b4cc9d88d5de562bf75b3a54ab436ad01b3f72d\byte-buddy-agent-1.14.15.jar
Launcher Type: SUN_STANDARD

[Global flags]
     intx CICompilerCount                          = 4                                         {product} {ergonomic}
     uint ConcGCThreads                            = 3                                         {product} {ergonomic}
     uint G1ConcRefinementThreads                  = 10                                        {product} {ergonomic}
   size_t G1HeapRegionSize                         = 2097152                                   {product} {ergonomic}
    uintx GCDrainStackTargetSize                   = 64                                        {product} {ergonomic}
   size_t InitialHeapSize                          = 264241152                                 {product} {ergonomic}
   size_t MarkStackSize                            = 4194304                                   {product} {ergonomic}
   size_t MaxHeapSize                              = 4221566976                                {product} {ergonomic}
   size_t MinHeapDeltaBytes                        = 2097152                                   {product} {ergonomic}
   size_t MinHeapSize                              = 8388608                                   {product} {ergonomic}
    uintx NonNMethodCodeHeapSize                   = 5839372                                {pd product} {ergonomic}
    uintx NonProfiledCodeHeapSize                  = 122909434                              {pd product} {ergonomic}
    uintx ProfiledCodeHeapSize                     = 122909434                              {pd product} {ergonomic}
    uintx ReservedCodeCacheSize                    = 251658240                              {pd product} {ergonomic}
     bool SegmentedCodeCache                       = true                                      {product} {ergonomic}
   size_t SoftMaxHeapSize                          = 4221566976                             {manageable} {ergonomic}
     bool UseCompressedClassPointers               = true                           {product lp64_product} {ergonomic}
     bool UseCompressedOops                        = true                           {product lp64_product} {ergonomic}
     bool UseG1GC                                  = true                                      {product} {ergonomic}
     bool UseLargePagesIndividualAllocation        = false                                  {pd product} {ergonomic}

Logging:
Log output configuration:
 #0: stdout all=warning uptime,level,tags
 #1: stderr all=off uptime,level,tags

Environment Variables:
JAVA_HOME=C:\jdk-17
PATH=C:\Python314\Scripts\;C:\Python314\;C:\Program Files\Eclipse Adoptium\jdk-21.0.4.7-hotspot\bin;C:\jdk-17\bin;C:\Program Files\Common Files\Oracle\Java\javapath;C:\Program Files (x86)\Common Files\Oracle\Java\javapath;C:\WinAVR-20100110\bin;C:\WinAVR-20100110\utils\bin;C:\Program Files (x86)\Common Files\Oracle\Java\java8path;C:\Windows\system32;C:\Windows;C:\Windows\System32\Wbem;C:\Windows\System32\WindowsPowerShell\v1.0\;C:\Windows\System32\OpenSSH\;C:\Program Files (x86)\Windows Kits\10\Windows Performance Toolkit\;C:\Program Files\dotnet\;C:\ProgramData\chocolatey\bin;C:\Program Files\Git\cmd;C:\Users\예연\AppData\Local\nvm;C:\nvm4w\nodejs;C:\jdk-17\bin;C:\Program Files\MySQL\MySQL Server 8.4\bin;C:\Users\예연\AppData\Local\Programs\Python\Python313\Scripts\;C:\Users\예연\AppData\Local\Programs\Python\Python313\;C:\Users\예연\AppData\Local\Microsoft\WindowsApps;C:\Users\예연\AppData\Local\Programs\Microsoft VS Code\bin;C:\Users\예연\AppData\Roaming\npm;C:\Program Files\JetBrains\IntelliJ IDEA 2024.3.3\bin;;C:\Users\예연\AppData\Local\GitHubDesktop\bin;C:\Users\예연\AppData\Local\nvm;C:\nvm4w\nodejs;C:\Program Files\MongoDB\Server\7.0\data;C:\Program Files\MongoDB\Server\7.0\bin;;C:\Users\예연\AppData\Local\Programs\DockerDesktop\resources\bin
USERNAME=예연
OS=Windows_NT
PROCESSOR_IDENTIFIER=Intel64 Family 6 Model 186 Stepping 3, GenuineIntel



---------------  S Y S T E M  ---------------

OS:
 Windows 10 , 64 bit Build 22621 (10.0.22621.5415)
OS uptime: 35 days 5:23 hours
Hyper-V role detected

CPU: total 12 (initial active 12) (6 cores per cpu, 2 threads per core) family 6 model 186 stepping 3 microcode 0x411c, cx8, cmov, fxsr, ht, mmx, 3dnowpref, sse, sse2, sse3, ssse3, sse4.1, sse4.2, popcnt, lzcnt, tsc, tscinvbit, avx, avx2, aes, erms, clmul, bmi1, bmi2, adx, sha, fma, vzeroupper, clflush, clflushopt, clwb, hv

Memory: 4k page, system-wide physical 16098M (3426M free)
TotalPageFile size 19006M (AvailPageFile size 33M)
current process WorkingSet (physical memory assigned to process): 11M, peak: 11M
current process commit charge ("private bytes"): 64M, peak: 316M

vm_info: OpenJDK 64-Bit Server VM (17+35-2724) for windows-amd64 JRE (17+35-2724), built on Aug  5 2021 23:26:02 by "mach5one" with MS VC++ 16.8 (VS2019)

END.
