#
# There is insufficient memory for the Java Runtime Environment to continue.
# Native memory allocation (malloc) failed to allocate 1280656 bytes for Chunk::new
# Possible reasons:
#   The system is out of physical RAM or swap space
#   The process is running with CompressedOops enabled, and the Java Heap may be blocking the growth of the native heap
# Possible solutions:
#   Reduce memory load on the system
#   Increase physical memory or swap space
#   Check if swap backing store is full
#   Decrease Java heap size (-Xmx/-Xms)
#   Decrease number of Java threads
#   Decrease Java thread stack sizes (-Xss)
#   Set larger code cache with -XX:ReservedCodeCacheSize=
#   JVM is running with Unscaled Compressed Oops mode in which the Java heap is
#     placed in the first 4GB address space. The Java Heap base address is the
#     maximum limit for the native heap growth. Please use -XX:HeapBaseMinAddress
#     to set the Java Heap base and to place the Java Heap above 4GB virtual address.
# This output file may be truncated or incomplete.
#
#  Out of Memory Error (arena.cpp:189), pid=4776, tid=24336
#
# JRE version: OpenJDK Runtime Environment (17.0+35) (build 17+35-2724)
# Java VM: OpenJDK 64-Bit Server VM (17+35-2724, mixed mode, sharing, tiered, compressed oops, compressed class ptrs, g1 gc, windows-amd64)
# No core dump will be written. Minidumps are not enabled by default on client versions of Windows
#

---------------  S U M M A R Y ------------

Command Line: --add-opens=java.base/java.lang=ALL-UNNAMED --add-opens=java.base/java.lang.invoke=ALL-UNNAMED --add-opens=java.base/java.util=ALL-UNNAMED --add-opens=java.prefs/java.util.prefs=ALL-UNNAMED --add-exports=jdk.compiler/com.sun.tools.javac.api=ALL-UNNAMED --add-exports=jdk.compiler/com.sun.tools.javac.util=ALL-UNNAMED --add-opens=java.base/java.nio.charset=ALL-UNNAMED --add-opens=java.base/java.net=ALL-UNNAMED --add-opens=java.base/java.util.concurrent=ALL-UNNAMED --add-opens=java.base/java.util.concurrent.atomic=ALL-UNNAMED --add-opens=java.xml/javax.xml.namespace=ALL-UNNAMED --add-opens=java.base/java.time=ALL-UNNAMED -XX:MaxMetaspaceSize=384m -XX:+HeapDumpOnOutOfMemoryError -Xms256m -Xmx512m -Dfile.encoding=UTF-8 -Duser.country=KR -Duser.language=ko -Duser.variant -javaagent:C:\Users\¿¹¿¬\.gradle\wrapper\dists\gradle-9.6.1-bin\4ticwg1pgcbps2hj28r8so764\gradle-9.6.1\lib\agents\gradle-instrumentation-agent-9.6.1.jar org.gradle.launcher.daemon.bootstrap.GradleDaemon 9.6.1

Host: 13th Gen Intel(R) Core(TM) i5-1335U, 12 cores, 15G,  Windows 10 , 64 bit Build 22621 (10.0.22621.5415)
Time: Tue Jul 28 10:49:35 2026  Windows 10 , 64 bit Build 22621 (10.0.22621.5415) elapsed time: 14.654141 seconds (0d 0h 0m 14s)

---------------  T H R E A D  ---------------

Current thread (0x0000026e2d5c0160):  JavaThread "C2 CompilerThread0" daemon [_thread_in_native, id=24336, stack(0x0000009797200000,0x0000009797300000)]


Current CompileTask:
C2:  14654 7456       4       com.google.common.collect.ImmutableSet$RegularSetBuilderImpl::add (68 bytes)

Stack: [0x0000009797200000,0x0000009797300000]
Native frames: (J=compiled Java code, j=interpreted, Vv=VM code, C=native code)
V  [jvm.dll+0x66f8ea]
V  [jvm.dll+0x7ce224]
V  [jvm.dll+0x7cf9ce]
V  [jvm.dll+0x7d0033]
V  [jvm.dll+0x242bb5]
V  [jvm.dll+0xaa05b]
V  [jvm.dll+0xaa5ec]
V  [jvm.dll+0x35f9a2]
V  [jvm.dll+0x329f61]
V  [jvm.dll+0x32940a]
V  [jvm.dll+0x215ca1]
V  [jvm.dll+0x2150c1]
V  [jvm.dll+0x1a168d]
V  [jvm.dll+0x2248f8]
V  [jvm.dll+0x222a5c]
V  [jvm.dll+0x78422b]
V  [jvm.dll+0x77e7ea]
V  [jvm.dll+0x66e715]
C  [ucrtbase.dll+0x29333]
C  [KERNEL32.DLL+0x1259d]
C  [ntdll.dll+0x5af78]


---------------  P R O C E S S  ---------------

Threads class SMR info:
_java_thread_list=0x0000026e31e25db0, length=89, elements={
0x0000026e109e7b20, 0x0000026e2d59bf60, 0x0000026e2d59d5e0, 0x0000026e2d5c9a10,
0x0000026e2d5ca4d0, 0x0000026e2d5ba6a0, 0x0000026e2d5bd060, 0x0000026e2d5c0160,
0x0000026e2d5c0b50, 0x0000026e2d5c3550, 0x0000026e2e08eb60, 0x0000026e2e177f60,
0x0000026e301f63c0, 0x0000026e2f16b370, 0x0000026e2f6952b0, 0x0000026e307d55e0,
0x0000026e307d5ab0, 0x0000026e2ff0d870, 0x0000026e2ff0dd40, 0x0000026e308798c0,
0x0000026e3087b0d0, 0x0000026e3087ba70, 0x0000026e3087a260, 0x0000026e30879d90,
0x0000026e308780b0, 0x0000026e30878f20, 0x0000026e3087b5a0, 0x0000026e30878a50,
0x0000026e308793f0, 0x0000026e3087ac00, 0x0000026e309ae130, 0x0000026e309b02e0,
0x0000026e309b07b0, 0x0000026e309b1150, 0x0000026e309b1620, 0x0000026e309aead0,
0x0000026e309aefa0, 0x0000026e309b0c80, 0x0000026e309b1af0, 0x0000026e309ae600,
0x0000026e309af470, 0x0000026e309afe10, 0x0000026e309af940, 0x0000026e32341720,
0x0000026e323438d0, 0x0000026e3233f570, 0x0000026e323408b0, 0x0000026e32340d80,
0x0000026e323450e0, 0x0000026e3233ebd0, 0x0000026e32341250, 0x0000026e3233ff10,
0x0000026e3233e230, 0x0000026e32341bf0, 0x0000026e323420c0, 0x0000026e3233fa40,
0x0000026e323403e0, 0x0000026e32342590, 0x0000026e32343da0, 0x0000026e3233e700,
0x0000026e32342f30, 0x0000026e32344740, 0x0000026e32343400, 0x0000026e32344c10,
0x0000026e3233dd60, 0x0000026e3087a730, 0x0000026e2ec61370, 0x0000026e2ec5f690,
0x0000026e2ec5b330, 0x0000026e2ec5fb60, 0x0000026e2ec5d010, 0x0000026e2ec5f1c0,
0x0000026e2ec5ae60, 0x0000026e2ec5d4e0, 0x0000026e2ec60030, 0x0000026e2ec60ea0,
0x0000026e2ec5de80, 0x0000026e2ec60500, 0x0000026e2ec5d9b0, 0x0000026e2ec5c670,
0x0000026e2ec59ff0, 0x0000026e2ec5a4c0, 0x0000026e2ec609d0, 0x0000026e2ec61840,
0x0000026e2ec5a990, 0x0000026e2ec5e350, 0x0000026e2ec5b800, 0x0000026e319ee100,
0x0000026e319ea950
}

Java Threads: ( => current thread )
  0x0000026e109e7b20 JavaThread "main" [_thread_blocked, id=17572, stack(0x0000009796500000,0x0000009796600000)]
  0x0000026e2d59bf60 JavaThread "Reference Handler" daemon [_thread_blocked, id=16388, stack(0x0000009796c00000,0x0000009796d00000)]
  0x0000026e2d59d5e0 JavaThread "Finalizer" daemon [_thread_blocked, id=20872, stack(0x0000009796d00000,0x0000009796e00000)]
  0x0000026e2d5c9a10 JavaThread "Signal Dispatcher" daemon [_thread_blocked, id=7892, stack(0x0000009796e00000,0x0000009796f00000)]
  0x0000026e2d5ca4d0 JavaThread "Attach Listener" daemon [_thread_blocked, id=4204, stack(0x0000009796f00000,0x0000009797000000)]
  0x0000026e2d5ba6a0 JavaThread "Service Thread" daemon [_thread_blocked, id=17468, stack(0x0000009797000000,0x0000009797100000)]
  0x0000026e2d5bd060 JavaThread "Monitor Deflation Thread" daemon [_thread_blocked, id=3056, stack(0x0000009797100000,0x0000009797200000)]
=>0x0000026e2d5c0160 JavaThread "C2 CompilerThread0" daemon [_thread_in_native, id=24336, stack(0x0000009797200000,0x0000009797300000)]
  0x0000026e2d5c0b50 JavaThread "C1 CompilerThread0" daemon [_thread_blocked, id=8200, stack(0x0000009797300000,0x0000009797400000)]
  0x0000026e2d5c3550 JavaThread "Sweeper thread" daemon [_thread_blocked, id=10472, stack(0x0000009797400000,0x0000009797500000)]
  0x0000026e2e08eb60 JavaThread "Common-Cleaner" daemon [_thread_blocked, id=17848, stack(0x0000009797500000,0x0000009797600000)]
  0x0000026e2e177f60 JavaThread "Notification Thread" daemon [_thread_blocked, id=14136, stack(0x0000009797600000,0x0000009797700000)]
  0x0000026e301f63c0 JavaThread "Daemon health stats" [_thread_blocked, id=16040, stack(0x0000009798000000,0x0000009798100000)]
  0x0000026e2f16b370 JavaThread "Incoming local TCP Connector on port 1361" [_thread_in_native, id=12944, stack(0x0000009797800000,0x0000009797900000)]
  0x0000026e2f6952b0 JavaThread "Daemon periodic checks" [_thread_blocked, id=7224, stack(0x0000009798100000,0x0000009798200000)]
  0x0000026e307d55e0 JavaThread "Daemon" [_thread_blocked, id=22096, stack(0x0000009798300000,0x0000009798400000)]
  0x0000026e307d5ab0 JavaThread "Handler for socket connection from /127.0.0.1:1361 to /127.0.0.1:1362" [_thread_in_native, id=21372, stack(0x0000009798400000,0x0000009798500000)]
  0x0000026e2ff0d870 JavaThread "Cancel handler" [_thread_blocked, id=6104, stack(0x0000009798500000,0x0000009798600000)]
  0x0000026e2ff0dd40 JavaThread "Daemon worker" [_thread_in_vm, id=1712, stack(0x0000009798600000,0x0000009798700000)]
  0x0000026e308798c0 JavaThread "Asynchronous log dispatcher for DefaultDaemonConnection: socket connection from /127.0.0.1:1361 to /127.0.0.1:1362" [_thread_blocked, id=23848, stack(0x0000009798700000,0x0000009798800000)]
  0x0000026e3087b0d0 JavaThread "Stdin handler" [_thread_blocked, id=23124, stack(0x0000009798800000,0x0000009798900000)]
  0x0000026e3087ba70 JavaThread "Daemon client event forwarder" [_thread_blocked, id=10368, stack(0x0000009798900000,0x0000009798a00000)]
  0x0000026e3087a260 JavaThread "Cache worker for journal cache (C:\Users\ì˜ˆì—°\.gradle\caches\journal-1)" [_thread_blocked, id=13680, stack(0x0000009798a00000,0x0000009798b00000)]
  0x0000026e30879d90 JavaThread "File lock request listener" [_thread_in_native, id=18136, stack(0x0000009798b00000,0x0000009798c00000)]
  0x0000026e308780b0 JavaThread "Cache worker for file hash cache (C:\Users\ì˜ˆì—°\.gradle\caches\9.6.1\fileHashes)" [_thread_blocked, id=9924, stack(0x0000009798c00000,0x0000009798d00000)]
  0x0000026e30878f20 JavaThread "Cache worker for file hash cache (C:\KB\final\backend\.gradle\9.6.1\fileHashes)" [_thread_blocked, id=15768, stack(0x0000009799100000,0x0000009799200000)]
  0x0000026e3087b5a0 JavaThread "Cache worker for Build Output Cleanup Cache (C:\KB\final\backend\.gradle\buildOutputCleanup)" [_thread_blocked, id=8104, stack(0x0000009799200000,0x0000009799300000)]
  0x0000026e30878a50 JavaThread "File watcher server" daemon [_thread_in_native, id=18968, stack(0x0000009799400000,0x0000009799500000)]
  0x0000026e308793f0 JavaThread "File watcher consumer" daemon [_thread_blocked, id=5292, stack(0x0000009799500000,0x0000009799600000)]
  0x0000026e3087ac00 JavaThread "jar transforms" [_thread_blocked, id=4948, stack(0x0000009799600000,0x0000009799700000)]
  0x0000026e309ae130 JavaThread "jar transforms Thread 2" [_thread_blocked, id=14800, stack(0x0000009799700000,0x0000009799800000)]
  0x0000026e309b02e0 JavaThread "jar transforms Thread 3" [_thread_blocked, id=17520, stack(0x0000009799800000,0x0000009799900000)]
  0x0000026e309b07b0 JavaThread "jar transforms Thread 4" [_thread_blocked, id=11388, stack(0x0000009799900000,0x0000009799a00000)]
  0x0000026e309b1150 JavaThread "jar transforms Thread 5" [_thread_blocked, id=14668, stack(0x0000009799a00000,0x0000009799b00000)]
  0x0000026e309b1620 JavaThread "jar transforms Thread 6" [_thread_blocked, id=11884, stack(0x0000009799b00000,0x0000009799c00000)]
  0x0000026e309aead0 JavaThread "jar transforms Thread 7" [_thread_blocked, id=23884, stack(0x0000009799c00000,0x0000009799d00000)]
  0x0000026e309aefa0 JavaThread "jar transforms Thread 8" [_thread_blocked, id=7724, stack(0x0000009799d00000,0x0000009799e00000)]
  0x0000026e309b0c80 JavaThread "jar transforms Thread 9" [_thread_blocked, id=18284, stack(0x0000009799e00000,0x0000009799f00000)]
  0x0000026e309b1af0 JavaThread "jar transforms Thread 10" [_thread_blocked, id=14808, stack(0x0000009799f00000,0x000000979a000000)]
  0x0000026e309ae600 JavaThread "jar transforms Thread 11" [_thread_blocked, id=22284, stack(0x000000979a000000,0x000000979a100000)]
  0x0000026e309af470 JavaThread "jar transforms Thread 12" [_thread_blocked, id=6172, stack(0x000000979a100000,0x000000979a200000)]
  0x0000026e309afe10 JavaThread "Cache worker for file content cache (C:\Users\ì˜ˆì—°\.gradle\caches\9.6.1\fileContent)" [_thread_blocked, id=11124, stack(0x000000979a200000,0x000000979a300000)]
  0x0000026e309af940 JavaThread "Cache worker for checksums cache (C:\KB\final\backend\.gradle\9.6.1\checksums)" [_thread_blocked, id=8996, stack(0x000000979a300000,0x000000979a400000)]
  0x0000026e32341720 JavaThread "Cache worker for cache directory md-supplier (C:\Users\ì˜ˆì—°\.gradle\caches\9.6.1\md-supplier)" [_thread_blocked, id=20180, stack(0x000000979a400000,0x000000979a500000)]
  0x0000026e323438d0 JavaThread "Cache worker for cache directory md-rule (C:\Users\ì˜ˆì—°\.gradle\caches\9.6.1\md-rule)" [_thread_blocked, id=13216, stack(0x000000979a500000,0x000000979a600000)]
  0x0000026e3233f570 JavaThread "Build operations" [_thread_blocked, id=17376, stack(0x000000979a600000,0x000000979a700000)]
  0x0000026e323408b0 JavaThread "Build operations Thread 2" [_thread_blocked, id=19068, stack(0x000000979a700000,0x000000979a800000)]
  0x0000026e32340d80 JavaThread "Build operations Thread 3" [_thread_blocked, id=19152, stack(0x000000979a800000,0x000000979a900000)]
  0x0000026e323450e0 JavaThread "Build operations Thread 4" [_thread_blocked, id=8524, stack(0x000000979a900000,0x000000979aa00000)]
  0x0000026e3233ebd0 JavaThread "Build operations Thread 5" [_thread_blocked, id=16328, stack(0x000000979aa00000,0x000000979ab00000)]
  0x0000026e32341250 JavaThread "Build operations Thread 6" [_thread_blocked, id=16240, stack(0x000000979ab00000,0x000000979ac00000)]
  0x0000026e3233ff10 JavaThread "Build operations Thread 7" [_thread_blocked, id=19804, stack(0x000000979ac00000,0x000000979ad00000)]
  0x0000026e3233e230 JavaThread "Build operations Thread 8" [_thread_blocked, id=9236, stack(0x000000979ad00000,0x000000979ae00000)]
  0x0000026e32341bf0 JavaThread "Build operations Thread 9" [_thread_blocked, id=19688, stack(0x000000979ae00000,0x000000979af00000)]
  0x0000026e323420c0 JavaThread "Build operations Thread 10" [_thread_blocked, id=7200, stack(0x000000979af00000,0x000000979b000000)]
  0x0000026e3233fa40 JavaThread "Build operations Thread 11" [_thread_blocked, id=16448, stack(0x000000979b000000,0x000000979b100000)]
  0x0000026e323403e0 JavaThread "Build operations Thread 12" [_thread_blocked, id=23368, stack(0x000000979b100000,0x000000979b200000)]
  0x0000026e32342590 JavaThread "Memory manager" [_thread_blocked, id=22216, stack(0x000000979b300000,0x000000979b400000)]
  0x0000026e32343da0 JavaThread "Problems report writer" [_thread_blocked, id=20964, stack(0x000000979b400000,0x000000979b500000)]
  0x0000026e3233e700 JavaThread "included builds" [_thread_blocked, id=14984, stack(0x0000009798200000,0x0000009798300000)]
  0x0000026e32342f30 JavaThread "Execution worker" [_thread_blocked, id=14068, stack(0x0000009799300000,0x0000009799400000)]
  0x0000026e32344740 JavaThread "Execution worker Thread 2" [_thread_blocked, id=11636, stack(0x000000979b500000,0x000000979b600000)]
  0x0000026e32343400 JavaThread "Execution worker Thread 3" [_thread_blocked, id=12256, stack(0x000000979b600000,0x000000979b700000)]
  0x0000026e32344c10 JavaThread "Execution worker Thread 4" [_thread_blocked, id=17368, stack(0x000000979b700000,0x000000979b800000)]
  0x0000026e3233dd60 JavaThread "Execution worker Thread 5" [_thread_blocked, id=22400, stack(0x000000979b800000,0x000000979b900000)]
  0x0000026e3087a730 JavaThread "Execution worker Thread 6" [_thread_blocked, id=15760, stack(0x000000979b900000,0x000000979ba00000)]
  0x0000026e2ec61370 JavaThread "Execution worker Thread 7" [_thread_blocked, id=24316, stack(0x000000979ba00000,0x000000979bb00000)]
  0x0000026e2ec5f690 JavaThread "Execution worker Thread 8" [_thread_blocked, id=21116, stack(0x000000979bb00000,0x000000979bc00000)]
  0x0000026e2ec5b330 JavaThread "Execution worker Thread 9" [_thread_blocked, id=20000, stack(0x000000979bc00000,0x000000979bd00000)]
  0x0000026e2ec5fb60 JavaThread "Execution worker Thread 10" [_thread_blocked, id=21732, stack(0x000000979bd00000,0x000000979be00000)]
  0x0000026e2ec5d010 JavaThread "Execution worker Thread 11" [_thread_blocked, id=15716, stack(0x000000979be00000,0x000000979bf00000)]
  0x0000026e2ec5f1c0 JavaThread "Cache worker for execution history cache (C:\KB\final\backend\.gradle\9.6.1\executionHistory)" [_thread_blocked, id=16840, stack(0x000000979bf00000,0x000000979c000000)]
  0x0000026e2ec5ae60 JavaThread "idea-tooling-model-converter" [_thread_blocked, id=15544, stack(0x000000979c200000,0x000000979c300000)]
  0x0000026e2ec5d4e0 JavaThread "ForkJoinPool.commonPool-worker-1" daemon [_thread_blocked, id=7048, stack(0x000000979c300000,0x000000979c400000)]
  0x0000026e2ec60030 JavaThread "ForkJoinPool.commonPool-worker-2" daemon [_thread_blocked, id=16148, stack(0x000000979c400000,0x000000979c500000)]
  0x0000026e2ec60ea0 JavaThread "ForkJoinPool.commonPool-worker-3" daemon [_thread_blocked, id=20428, stack(0x000000979c500000,0x000000979c600000)]
  0x0000026e2ec5de80 JavaThread "ForkJoinPool.commonPool-worker-4" daemon [_thread_blocked, id=20876, stack(0x000000979c600000,0x000000979c700000)]
  0x0000026e2ec60500 JavaThread "ForkJoinPool.commonPool-worker-5" daemon [_thread_blocked, id=17920, stack(0x000000979c700000,0x000000979c800000)]
  0x0000026e2ec5d9b0 JavaThread "ForkJoinPool.commonPool-worker-6" daemon [_thread_blocked, id=16624, stack(0x000000979c800000,0x000000979c900000)]
  0x0000026e2ec5c670 JavaThread "ForkJoinPool.commonPool-worker-7" daemon [_thread_blocked, id=14628, stack(0x000000979c900000,0x000000979ca00000)]
  0x0000026e2ec59ff0 JavaThread "ForkJoinPool.commonPool-worker-8" daemon [_thread_blocked, id=23804, stack(0x000000979ca00000,0x000000979cb00000)]
  0x0000026e2ec5a4c0 JavaThread "ForkJoinPool.commonPool-worker-9" daemon [_thread_blocked, id=7916, stack(0x000000979cb00000,0x000000979cc00000)]
  0x0000026e2ec609d0 JavaThread "ForkJoinPool.commonPool-worker-10" daemon [_thread_blocked, id=2780, stack(0x000000979cc00000,0x000000979cd00000)]
  0x0000026e2ec61840 JavaThread "ForkJoinPool.commonPool-worker-11" daemon [_thread_blocked, id=22232, stack(0x000000979cd00000,0x000000979ce00000)]
  0x0000026e2ec5a990 JavaThread "Exec process" daemon [_thread_blocked, id=21268, stack(0x000000979ce00000,0x000000979cf00000)]
  0x0000026e2ec5e350 JavaThread "Exec process Thread 2" daemon [_thread_blocked, id=21440, stack(0x000000979cf00000,0x000000979d000000)]
  0x0000026e2ec5b800 JavaThread "Exec process Thread 3" daemon [_thread_blocked, id=11660, stack(0x000000979d000000,0x000000979d100000)]
  0x0000026e319ee100 JavaThread "C2 CompilerThread1" daemon [_thread_in_native, id=16760, stack(0x000000979c000000,0x000000979c100000)]
  0x0000026e319ea950 JavaThread "C2 CompilerThread2" daemon [_thread_in_native, id=1632, stack(0x000000979c100000,0x000000979c200000)]

Other Threads:
  0x0000026e2d5986c0 VMThread "VM Thread" [stack: 0x0000009796b00000,0x0000009796c00000] [id=14588]
  0x0000026e109e8990 WatcherThread [stack: 0x0000009797700000,0x0000009797800000] [id=14760]
  0x0000026e10a0e610 GCTaskThread "GC Thread#0" [stack: 0x0000009796600000,0x0000009796700000] [id=22168]
  0x0000026e2eab2530 GCTaskThread "GC Thread#1" [stack: 0x0000009797a00000,0x0000009797b00000] [id=18232]
  0x0000026e2eaa6f50 GCTaskThread "GC Thread#2" [stack: 0x0000009797b00000,0x0000009797c00000] [id=18468]
  0x0000026e2eaa7200 GCTaskThread "GC Thread#3" [stack: 0x0000009797c00000,0x0000009797d00000] [id=22364]
  0x0000026e2ec1d9f0 GCTaskThread "GC Thread#4" [stack: 0x0000009797d00000,0x0000009797e00000] [id=1468]
  0x0000026e2ec1dca0 GCTaskThread "GC Thread#5" [stack: 0x0000009797e00000,0x0000009797f00000] [id=1684]
  0x0000026e306af890 GCTaskThread "GC Thread#6" [stack: 0x0000009797900000,0x0000009797a00000] [id=21664]
  0x0000026e306264c0 GCTaskThread "GC Thread#7" [stack: 0x0000009797f00000,0x0000009798000000] [id=7760]
  0x0000026e33b87ee0 GCTaskThread "GC Thread#8" [stack: 0x0000009798d00000,0x0000009798e00000] [id=24000]
  0x0000026e33b88190 GCTaskThread "GC Thread#9" [stack: 0x0000009798e00000,0x0000009798f00000] [id=19608]
  0x0000026e10a13550 ConcurrentGCThread "G1 Main Marker" [stack: 0x0000009796700000,0x0000009796800000] [id=15784]
  0x0000026e10a13f60 ConcurrentGCThread "G1 Conc#0" [stack: 0x0000009796800000,0x0000009796900000] [id=9848]
  0x0000026e33b89460 ConcurrentGCThread "G1 Conc#1" [stack: 0x0000009798f00000,0x0000009799000000] [id=7028]
  0x0000026e33b88440 ConcurrentGCThread "G1 Conc#2" [stack: 0x0000009799000000,0x0000009799100000] [id=13096]
  0x0000026e2d45c520 ConcurrentGCThread "G1 Refine#0" [stack: 0x0000009796900000,0x0000009796a00000] [id=14060]
  0x0000026e32fa4af0 ConcurrentGCThread "G1 Refine#1" [stack: 0x000000979b200000,0x000000979b300000] [id=6148]
  0x0000026e2d45cf40 ConcurrentGCThread "G1 Service" [stack: 0x0000009796a00000,0x0000009796b00000] [id=2824]

Threads with active compile tasks:
C2 CompilerThread0    14684 7456       4       com.google.common.collect.ImmutableSet$RegularSetBuilderImpl::add (68 bytes)
C2 CompilerThread1    14684 7594       4       java.util.zip.ZipFile$ZipFileInputStream::initDataOffset (117 bytes)
C2 CompilerThread2    14684 7593   !   4       java.util.zip.ZipFile$ZipFileInputStream::read (135 bytes)

VM state: not at safepoint (normal execution)

VM Mutex/Monitor currently owned by a thread: None

Heap address: 0x00000000e0000000, size: 512 MB, Compressed Oops mode: 32-bit

CDS archive(s) mapped at: [0x0000000800000000-0x0000000800bc0000-0x0000000800bc0000), size 12320768, SharedBaseAddress: 0x0000000800000000, ArchiveRelocationMode: 0.
Compressed class space mapped at: 0x0000000800c00000-0x0000000814000000, reserved size: 322961408
Narrow klass base: 0x0000000800000000, Narrow klass shift: 0, Narrow klass range: 0x100000000

GC Precious Log:
 CPUs: 12 total, 12 available
 Memory: 16098M
 Large Page Support: Disabled
 NUMA Support: Disabled
 Compressed Oops: Enabled (32-bit)
 Heap Region Size: 1M
 Heap Min Capacity: 256M
 Heap Initial Capacity: 256M
 Heap Max Capacity: 512M
 Pre-touch: Disabled
 Parallel Workers: 10
 Concurrent Workers: 3
 Concurrent Refinement Workers: 10
 Periodic GC: Disabled

Heap:
 garbage-first heap   total 262144K, used 141231K [0x00000000e0000000, 0x0000000100000000)
  region size 1024K, 48 young (49152K), 2 survivors (2048K)
 Metaspace       used 63778K, committed 64832K, reserved 372736K
  class space    used 9273K, committed 9792K, reserved 315392K

Heap Regions: E=young(eden), S=young(survivor), O=old, HS=humongous(starts), HC=humongous(continues), CS=collection set, F=free, OA=open archive, CA=closed archive, TAMS=top-at-mark-start (previous, next)
|   0|0x00000000e0000000, 0x00000000e0100000, 0x00000000e0100000|100%|HS|  |TAMS 0x00000000e0100000, 0x00000000e0000000| Complete 
|   1|0x00000000e0100000, 0x00000000e0200000, 0x00000000e0200000|100%|HC|  |TAMS 0x00000000e0200000, 0x00000000e0100000| Complete 
|   2|0x00000000e0200000, 0x00000000e0300000, 0x00000000e0300000|100%|HC|  |TAMS 0x00000000e0300000, 0x00000000e0200000| Complete 
|   3|0x00000000e0300000, 0x00000000e0400000, 0x00000000e0400000|100%|HC|  |TAMS 0x00000000e0400000, 0x00000000e0300000| Complete 
|   4|0x00000000e0400000, 0x00000000e0500000, 0x00000000e0500000|100%| O|  |TAMS 0x00000000e0500000, 0x00000000e0400000| Untracked 
|   5|0x00000000e0500000, 0x00000000e0600000, 0x00000000e0600000|100%| O|  |TAMS 0x00000000e0600000, 0x00000000e0500000| Untracked 
|   6|0x00000000e0600000, 0x00000000e0700000, 0x00000000e0700000|100%| O|  |TAMS 0x00000000e0700000, 0x00000000e0600000| Untracked 
|   7|0x00000000e0700000, 0x00000000e0800000, 0x00000000e0800000|100%| O|  |TAMS 0x00000000e0800000, 0x00000000e0700000| Untracked 
|   8|0x00000000e0800000, 0x00000000e0900000, 0x00000000e0900000|100%| O|  |TAMS 0x00000000e0900000, 0x00000000e0800000| Untracked 
|   9|0x00000000e0900000, 0x00000000e0a00000, 0x00000000e0a00000|100%| O|  |TAMS 0x00000000e0a00000, 0x00000000e0900000| Untracked 
|  10|0x00000000e0a00000, 0x00000000e0b00000, 0x00000000e0b00000|100%| O|  |TAMS 0x00000000e0b00000, 0x00000000e0a00000| Untracked 
|  11|0x00000000e0b00000, 0x00000000e0c00000, 0x00000000e0c00000|100%|HS|  |TAMS 0x00000000e0c00000, 0x00000000e0b00000| Complete 
|  12|0x00000000e0c00000, 0x00000000e0d00000, 0x00000000e0d00000|100%|HS|  |TAMS 0x00000000e0d00000, 0x00000000e0c00000| Complete 
|  13|0x00000000e0d00000, 0x00000000e0e00000, 0x00000000e0e00000|100%|HC|  |TAMS 0x00000000e0e00000, 0x00000000e0d00000| Complete 
|  14|0x00000000e0e00000, 0x00000000e0f00000, 0x00000000e0f00000|100%|HC|  |TAMS 0x00000000e0f00000, 0x00000000e0e00000| Complete 
|  15|0x00000000e0f00000, 0x00000000e1000000, 0x00000000e1000000|100%|HC|  |TAMS 0x00000000e1000000, 0x00000000e0f00000| Complete 
|  16|0x00000000e1000000, 0x00000000e1100000, 0x00000000e1100000|100%|HC|  |TAMS 0x00000000e1100000, 0x00000000e1000000| Complete 
|  17|0x00000000e1100000, 0x00000000e1200000, 0x00000000e1200000|100%|HC|  |TAMS 0x00000000e1200000, 0x00000000e1100000| Complete 
|  18|0x00000000e1200000, 0x00000000e1300000, 0x00000000e1300000|100%|HS|  |TAMS 0x00000000e1300000, 0x00000000e1200000| Complete 
|  19|0x00000000e1300000, 0x00000000e1400000, 0x00000000e1400000|100%|HC|  |TAMS 0x00000000e1400000, 0x00000000e1300000| Complete 
|  20|0x00000000e1400000, 0x00000000e1500000, 0x00000000e1500000|100%|HC|  |TAMS 0x00000000e1500000, 0x00000000e1400000| Complete 
|  21|0x00000000e1500000, 0x00000000e1600000, 0x00000000e1600000|100%|HS|  |TAMS 0x00000000e1600000, 0x00000000e1500000| Complete 
|  22|0x00000000e1600000, 0x00000000e1700000, 0x00000000e1700000|100%|HC|  |TAMS 0x00000000e1700000, 0x00000000e1600000| Complete 
|  23|0x00000000e1700000, 0x00000000e1800000, 0x00000000e1800000|100%|HS|  |TAMS 0x00000000e1800000, 0x00000000e1700000| Complete 
|  24|0x00000000e1800000, 0x00000000e1900000, 0x00000000e1900000|100%| O|  |TAMS 0x00000000e1900000, 0x00000000e1800000| Untracked 
|  25|0x00000000e1900000, 0x00000000e1a00000, 0x00000000e1a00000|100%| O|  |TAMS 0x00000000e1a00000, 0x00000000e1900000| Untracked 
|  26|0x00000000e1a00000, 0x00000000e1b00000, 0x00000000e1b00000|100%| O|  |TAMS 0x00000000e1b00000, 0x00000000e1a00000| Untracked 
|  27|0x00000000e1b00000, 0x00000000e1c00000, 0x00000000e1c00000|100%| O|  |TAMS 0x00000000e1c00000, 0x00000000e1b00000| Untracked 
|  28|0x00000000e1c00000, 0x00000000e1d00000, 0x00000000e1d00000|100%| O|  |TAMS 0x00000000e1d00000, 0x00000000e1c00000| Untracked 
|  29|0x00000000e1d00000, 0x00000000e1e00000, 0x00000000e1e00000|100%| O|  |TAMS 0x00000000e1e00000, 0x00000000e1d00000| Untracked 
|  30|0x00000000e1e00000, 0x00000000e1f00000, 0x00000000e1f00000|100%| O|  |TAMS 0x00000000e1f00000, 0x00000000e1e00000| Untracked 
|  31|0x00000000e1f00000, 0x00000000e2000000, 0x00000000e2000000|100%| O|  |TAMS 0x00000000e2000000, 0x00000000e1f00000| Untracked 
|  32|0x00000000e2000000, 0x00000000e2100000, 0x00000000e2100000|100%| O|  |TAMS 0x00000000e2100000, 0x00000000e2000000| Untracked 
|  33|0x00000000e2100000, 0x00000000e2200000, 0x00000000e2200000|100%|HS|  |TAMS 0x00000000e2200000, 0x00000000e2100000| Complete 
|  34|0x00000000e2200000, 0x00000000e2300000, 0x00000000e2300000|100%| O|  |TAMS 0x00000000e2300000, 0x00000000e2200000| Untracked 
|  35|0x00000000e2300000, 0x00000000e2400000, 0x00000000e2400000|100%| O|  |TAMS 0x00000000e2400000, 0x00000000e2300000| Untracked 
|  36|0x00000000e2400000, 0x00000000e2500000, 0x00000000e2500000|100%| O|  |TAMS 0x00000000e2500000, 0x00000000e2400000| Untracked 
|  37|0x00000000e2500000, 0x00000000e2600000, 0x00000000e2600000|100%| O|  |TAMS 0x00000000e2600000, 0x00000000e2500000| Untracked 
|  38|0x00000000e2600000, 0x00000000e2700000, 0x00000000e2700000|100%| O|  |TAMS 0x00000000e2700000, 0x00000000e2600000| Untracked 
|  39|0x00000000e2700000, 0x00000000e2800000, 0x00000000e2800000|100%| O|  |TAMS 0x00000000e2800000, 0x00000000e2700000| Untracked 
|  40|0x00000000e2800000, 0x00000000e2900000, 0x00000000e2900000|100%| O|  |TAMS 0x00000000e2900000, 0x00000000e2800000| Untracked 
|  41|0x00000000e2900000, 0x00000000e2a00000, 0x00000000e2a00000|100%| O|  |TAMS 0x00000000e2a00000, 0x00000000e2900000| Untracked 
|  42|0x00000000e2a00000, 0x00000000e2b00000, 0x00000000e2b00000|100%| O|  |TAMS 0x00000000e2b00000, 0x00000000e2a00000| Untracked 
|  43|0x00000000e2b00000, 0x00000000e2c00000, 0x00000000e2c00000|100%| O|  |TAMS 0x00000000e2c00000, 0x00000000e2b00000| Untracked 
|  44|0x00000000e2c00000, 0x00000000e2d00000, 0x00000000e2d00000|100%| O|  |TAMS 0x00000000e2d00000, 0x00000000e2c00000| Complete 
|  45|0x00000000e2d00000, 0x00000000e2e00000, 0x00000000e2e00000|100%|HS|  |TAMS 0x00000000e2e00000, 0x00000000e2d00000| Complete 
|  46|0x00000000e2e00000, 0x00000000e2f00000, 0x00000000e2f00000|100%|HC|  |TAMS 0x00000000e2f00000, 0x00000000e2e00000| Complete 
|  47|0x00000000e2f00000, 0x00000000e3000000, 0x00000000e3000000|100%|HC|  |TAMS 0x00000000e3000000, 0x00000000e2f00000| Complete 
|  48|0x00000000e3000000, 0x00000000e3100000, 0x00000000e3100000|100%|HC|  |TAMS 0x00000000e3100000, 0x00000000e3000000| Complete 
|  49|0x00000000e3100000, 0x00000000e3200000, 0x00000000e3200000|100%|HC|  |TAMS 0x00000000e3200000, 0x00000000e3100000| Complete 
|  50|0x00000000e3200000, 0x00000000e3300000, 0x00000000e3300000|100%|HC|  |TAMS 0x00000000e3300000, 0x00000000e3200000| Complete 
|  51|0x00000000e3300000, 0x00000000e3400000, 0x00000000e3400000|100%|HS|  |TAMS 0x00000000e3400000, 0x00000000e3300000| Complete 
|  52|0x00000000e3400000, 0x00000000e3500000, 0x00000000e3500000|100%|HC|  |TAMS 0x00000000e3500000, 0x00000000e3400000| Complete 
|  53|0x00000000e3500000, 0x00000000e3600000, 0x00000000e3600000|100%|HS|  |TAMS 0x00000000e3600000, 0x00000000e3500000| Complete 
|  54|0x00000000e3600000, 0x00000000e3700000, 0x00000000e3700000|100%|HC|  |TAMS 0x00000000e3700000, 0x00000000e3600000| Complete 
|  55|0x00000000e3700000, 0x00000000e3800000, 0x00000000e3800000|100%|HC|  |TAMS 0x00000000e3800000, 0x00000000e3700000| Complete 
|  56|0x00000000e3800000, 0x00000000e3900000, 0x00000000e3900000|100%|HC|  |TAMS 0x00000000e3900000, 0x00000000e3800000| Complete 
|  57|0x00000000e3900000, 0x00000000e3a00000, 0x00000000e3a00000|100%|HC|  |TAMS 0x00000000e3a00000, 0x00000000e3900000| Complete 
|  58|0x00000000e3a00000, 0x00000000e3b00000, 0x00000000e3b00000|100%|HC|  |TAMS 0x00000000e3b00000, 0x00000000e3a00000| Complete 
|  59|0x00000000e3b00000, 0x00000000e3c00000, 0x00000000e3c00000|100%| O|  |TAMS 0x00000000e3c00000, 0x00000000e3b00000| Untracked 
|  60|0x00000000e3c00000, 0x00000000e3d00000, 0x00000000e3d00000|100%| O|  |TAMS 0x00000000e3d00000, 0x00000000e3c00000| Untracked 
|  61|0x00000000e3d00000, 0x00000000e3e00000, 0x00000000e3e00000|100%| O|  |TAMS 0x00000000e3e00000, 0x00000000e3d00000| Untracked 
|  62|0x00000000e3e00000, 0x00000000e3f00000, 0x00000000e3f00000|100%| O|  |TAMS 0x00000000e3f00000, 0x00000000e3e00000| Untracked 
|  63|0x00000000e3f00000, 0x00000000e4000000, 0x00000000e4000000|100%| O|  |TAMS 0x00000000e4000000, 0x00000000e3f00000| Untracked 
|  64|0x00000000e4000000, 0x00000000e4100000, 0x00000000e4100000|100%| O|  |TAMS 0x00000000e4100000, 0x00000000e4000000| Untracked 
|  65|0x00000000e4100000, 0x00000000e4200000, 0x00000000e4200000|100%| O|  |TAMS 0x00000000e4200000, 0x00000000e4100000| Untracked 
|  66|0x00000000e4200000, 0x00000000e4300000, 0x00000000e4300000|100%| O|  |TAMS 0x00000000e4300000, 0x00000000e4200000| Untracked 
|  67|0x00000000e4300000, 0x00000000e4400000, 0x00000000e4400000|100%| O|  |TAMS 0x00000000e4400000, 0x00000000e4300000| Untracked 
|  68|0x00000000e4400000, 0x00000000e4500000, 0x00000000e4500000|100%| O|  |TAMS 0x00000000e44c4800, 0x00000000e4400000| Untracked 
|  69|0x00000000e4500000, 0x00000000e4600000, 0x00000000e4600000|100%|HS|  |TAMS 0x00000000e4600000, 0x00000000e4500000| Complete 
|  70|0x00000000e4600000, 0x00000000e4700000, 0x00000000e4700000|100%|HC|  |TAMS 0x00000000e4700000, 0x00000000e4600000| Complete 
|  71|0x00000000e4700000, 0x00000000e4800000, 0x00000000e4800000|100%|HS|  |TAMS 0x00000000e4800000, 0x00000000e4700000| Complete 
|  72|0x00000000e4800000, 0x00000000e4900000, 0x00000000e4900000|100%|HC|  |TAMS 0x00000000e4900000, 0x00000000e4800000| Complete 
|  73|0x00000000e4900000, 0x00000000e4a00000, 0x00000000e4a00000|100%|HC|  |TAMS 0x00000000e4a00000, 0x00000000e4900000| Complete 
|  74|0x00000000e4a00000, 0x00000000e4b00000, 0x00000000e4b00000|100%|HC|  |TAMS 0x00000000e4b00000, 0x00000000e4a00000| Complete 
|  75|0x00000000e4b00000, 0x00000000e4c00000, 0x00000000e4c00000|100%|HC|  |TAMS 0x00000000e4c00000, 0x00000000e4b00000| Complete 
|  76|0x00000000e4c00000, 0x00000000e4d00000, 0x00000000e4d00000|100%|HC|  |TAMS 0x00000000e4d00000, 0x00000000e4c00000| Complete 
|  77|0x00000000e4d00000, 0x00000000e4e00000, 0x00000000e4e00000|100%|HS|  |TAMS 0x00000000e4e00000, 0x00000000e4d00000| Complete 
|  78|0x00000000e4e00000, 0x00000000e4f00000, 0x00000000e4f00000|100%|HC|  |TAMS 0x00000000e4f00000, 0x00000000e4e00000| Complete 
|  79|0x00000000e4f00000, 0x00000000e5000000, 0x00000000e5000000|100%|HC|  |TAMS 0x00000000e5000000, 0x00000000e4f00000| Complete 
|  80|0x00000000e5000000, 0x00000000e5100000, 0x00000000e5100000|100%|HS|  |TAMS 0x00000000e5100000, 0x00000000e5000000| Complete 
|  81|0x00000000e5100000, 0x00000000e5200000, 0x00000000e5200000|100%|HC|  |TAMS 0x00000000e5200000, 0x00000000e5100000| Complete 
|  82|0x00000000e5200000, 0x00000000e5300000, 0x00000000e5300000|100%| O|  |TAMS 0x00000000e5200000, 0x00000000e5200000| Untracked 
|  83|0x00000000e5300000, 0x00000000e5400000, 0x00000000e5400000|100%| O|  |TAMS 0x00000000e5300000, 0x00000000e5300000| Untracked 
|  84|0x00000000e5400000, 0x00000000e5500000, 0x00000000e5500000|100%| O|  |TAMS 0x00000000e5400000, 0x00000000e5400000| Untracked 
|  85|0x00000000e5500000, 0x00000000e5600000, 0x00000000e5600000|100%| O|  |TAMS 0x00000000e5500000, 0x00000000e5500000| Untracked 
|  86|0x00000000e5600000, 0x00000000e5700000, 0x00000000e5700000|100%| O|  |TAMS 0x00000000e5600000, 0x00000000e5600000| Untracked 
|  87|0x00000000e5700000, 0x00000000e5800000, 0x00000000e5800000|100%| O|  |TAMS 0x00000000e5700000, 0x00000000e5700000| Untracked 
|  88|0x00000000e5800000, 0x00000000e5900000, 0x00000000e5900000|100%| O|  |TAMS 0x00000000e5800000, 0x00000000e5800000| Untracked 
|  89|0x00000000e5900000, 0x00000000e5a00000, 0x00000000e5a00000|100%| O|  |TAMS 0x00000000e5900000, 0x00000000e5900000| Untracked 
|  90|0x00000000e5a00000, 0x00000000e5b00000, 0x00000000e5b00000|100%| O|  |TAMS 0x00000000e5a00000, 0x00000000e5a00000| Untracked 
|  91|0x00000000e5b00000, 0x00000000e5c00000, 0x00000000e5c00000|100%| O|  |TAMS 0x00000000e5b00000, 0x00000000e5b00000| Untracked 
|  92|0x00000000e5c00000, 0x00000000e5ca8c00, 0x00000000e5d00000| 65%| O|  |TAMS 0x00000000e5c00000, 0x00000000e5c00000| Untracked 
|  93|0x00000000e5d00000, 0x00000000e5d00000, 0x00000000e5e00000|  0%| F|  |TAMS 0x00000000e5d00000, 0x00000000e5d00000| Untracked 
|  94|0x00000000e5e00000, 0x00000000e5e00000, 0x00000000e5f00000|  0%| F|  |TAMS 0x00000000e5e00000, 0x00000000e5e00000| Untracked 
|  95|0x00000000e5f00000, 0x00000000e5f00000, 0x00000000e6000000|  0%| F|  |TAMS 0x00000000e5f00000, 0x00000000e5f00000| Untracked 
|  96|0x00000000e6000000, 0x00000000e6000000, 0x00000000e6100000|  0%| F|  |TAMS 0x00000000e6000000, 0x00000000e6000000| Untracked 
|  97|0x00000000e6100000, 0x00000000e6100000, 0x00000000e6200000|  0%| F|  |TAMS 0x00000000e6100000, 0x00000000e6100000| Untracked 
|  98|0x00000000e6200000, 0x00000000e6200000, 0x00000000e6300000|  0%| F|  |TAMS 0x00000000e6200000, 0x00000000e6200000| Untracked 
|  99|0x00000000e6300000, 0x00000000e6300000, 0x00000000e6400000|  0%| F|  |TAMS 0x00000000e6300000, 0x00000000e6300000| Untracked 
| 100|0x00000000e6400000, 0x00000000e6400000, 0x00000000e6500000|  0%| F|  |TAMS 0x00000000e6400000, 0x00000000e6400000| Untracked 
| 101|0x00000000e6500000, 0x00000000e6500000, 0x00000000e6600000|  0%| F|  |TAMS 0x00000000e6500000, 0x00000000e6500000| Untracked 
| 102|0x00000000e6600000, 0x00000000e6600000, 0x00000000e6700000|  0%| F|  |TAMS 0x00000000e6600000, 0x00000000e6600000| Untracked 
| 103|0x00000000e6700000, 0x00000000e6700000, 0x00000000e6800000|  0%| F|  |TAMS 0x00000000e6700000, 0x00000000e6700000| Untracked 
| 104|0x00000000e6800000, 0x00000000e6800000, 0x00000000e6900000|  0%| F|  |TAMS 0x00000000e6800000, 0x00000000e6800000| Untracked 
| 105|0x00000000e6900000, 0x00000000e6900000, 0x00000000e6a00000|  0%| F|  |TAMS 0x00000000e6900000, 0x00000000e6900000| Untracked 
| 106|0x00000000e6a00000, 0x00000000e6a00000, 0x00000000e6b00000|  0%| F|  |TAMS 0x00000000e6a00000, 0x00000000e6a00000| Untracked 
| 107|0x00000000e6b00000, 0x00000000e6b00000, 0x00000000e6c00000|  0%| F|  |TAMS 0x00000000e6b00000, 0x00000000e6b00000| Untracked 
| 108|0x00000000e6c00000, 0x00000000e6c00000, 0x00000000e6d00000|  0%| F|  |TAMS 0x00000000e6c00000, 0x00000000e6c00000| Untracked 
| 109|0x00000000e6d00000, 0x00000000e6d00000, 0x00000000e6e00000|  0%| F|  |TAMS 0x00000000e6d00000, 0x00000000e6d00000| Untracked 
| 110|0x00000000e6e00000, 0x00000000e6e00000, 0x00000000e6f00000|  0%| F|  |TAMS 0x00000000e6e00000, 0x00000000e6e00000| Untracked 
| 111|0x00000000e6f00000, 0x00000000e6f00000, 0x00000000e7000000|  0%| F|  |TAMS 0x00000000e6f00000, 0x00000000e6f00000| Untracked 
| 112|0x00000000e7000000, 0x00000000e7000000, 0x00000000e7100000|  0%| F|  |TAMS 0x00000000e7000000, 0x00000000e7000000| Untracked 
| 113|0x00000000e7100000, 0x00000000e7100000, 0x00000000e7200000|  0%| F|  |TAMS 0x00000000e7100000, 0x00000000e7100000| Untracked 
| 114|0x00000000e7200000, 0x00000000e7200000, 0x00000000e7300000|  0%| F|  |TAMS 0x00000000e7200000, 0x00000000e7200000| Untracked 
| 115|0x00000000e7300000, 0x00000000e7300000, 0x00000000e7400000|  0%| F|  |TAMS 0x00000000e7300000, 0x00000000e7300000| Untracked 
| 116|0x00000000e7400000, 0x00000000e7400000, 0x00000000e7500000|  0%| F|  |TAMS 0x00000000e7400000, 0x00000000e7400000| Untracked 
| 117|0x00000000e7500000, 0x00000000e7500000, 0x00000000e7600000|  0%| F|  |TAMS 0x00000000e7500000, 0x00000000e7500000| Untracked 
| 118|0x00000000e7600000, 0x00000000e7600000, 0x00000000e7700000|  0%| F|  |TAMS 0x00000000e7600000, 0x00000000e7600000| Untracked 
| 119|0x00000000e7700000, 0x00000000e7700000, 0x00000000e7800000|  0%| F|  |TAMS 0x00000000e7700000, 0x00000000e7700000| Untracked 
| 120|0x00000000e7800000, 0x00000000e7800000, 0x00000000e7900000|  0%| F|  |TAMS 0x00000000e7800000, 0x00000000e7800000| Untracked 
| 121|0x00000000e7900000, 0x00000000e7900000, 0x00000000e7a00000|  0%| F|  |TAMS 0x00000000e7900000, 0x00000000e7900000| Untracked 
| 122|0x00000000e7a00000, 0x00000000e7a00000, 0x00000000e7b00000|  0%| F|  |TAMS 0x00000000e7a00000, 0x00000000e7a00000| Untracked 
| 123|0x00000000e7b00000, 0x00000000e7b00000, 0x00000000e7c00000|  0%| F|  |TAMS 0x00000000e7b00000, 0x00000000e7b00000| Untracked 
| 124|0x00000000e7c00000, 0x00000000e7c00000, 0x00000000e7d00000|  0%| F|  |TAMS 0x00000000e7c00000, 0x00000000e7c00000| Untracked 
| 125|0x00000000e7d00000, 0x00000000e7d00000, 0x00000000e7e00000|  0%| F|  |TAMS 0x00000000e7d00000, 0x00000000e7d00000| Untracked 
| 126|0x00000000e7e00000, 0x00000000e7e00000, 0x00000000e7f00000|  0%| F|  |TAMS 0x00000000e7e00000, 0x00000000e7e00000| Untracked 
| 127|0x00000000e7f00000, 0x00000000e7f00000, 0x00000000e8000000|  0%| F|  |TAMS 0x00000000e7f00000, 0x00000000e7f00000| Untracked 
| 128|0x00000000e8000000, 0x00000000e8000000, 0x00000000e8100000|  0%| F|  |TAMS 0x00000000e8000000, 0x00000000e8000000| Untracked 
| 129|0x00000000e8100000, 0x00000000e8100000, 0x00000000e8200000|  0%| F|  |TAMS 0x00000000e8100000, 0x00000000e8100000| Untracked 
| 130|0x00000000e8200000, 0x00000000e8200000, 0x00000000e8300000|  0%| F|  |TAMS 0x00000000e8200000, 0x00000000e8200000| Untracked 
| 131|0x00000000e8300000, 0x00000000e8300000, 0x00000000e8400000|  0%| F|  |TAMS 0x00000000e8300000, 0x00000000e8300000| Untracked 
| 132|0x00000000e8400000, 0x00000000e8400000, 0x00000000e8500000|  0%| F|  |TAMS 0x00000000e8400000, 0x00000000e8400000| Untracked 
| 133|0x00000000e8500000, 0x00000000e8500000, 0x00000000e8600000|  0%| F|  |TAMS 0x00000000e8500000, 0x00000000e8500000| Untracked 
| 134|0x00000000e8600000, 0x00000000e8600000, 0x00000000e8700000|  0%| F|  |TAMS 0x00000000e8600000, 0x00000000e8600000| Untracked 
| 135|0x00000000e8700000, 0x00000000e8700000, 0x00000000e8800000|  0%| F|  |TAMS 0x00000000e8700000, 0x00000000e8700000| Untracked 
| 136|0x00000000e8800000, 0x00000000e8800000, 0x00000000e8900000|  0%| F|  |TAMS 0x00000000e8800000, 0x00000000e8800000| Untracked 
| 137|0x00000000e8900000, 0x00000000e8900000, 0x00000000e8a00000|  0%| F|  |TAMS 0x00000000e8900000, 0x00000000e8900000| Untracked 
| 138|0x00000000e8a00000, 0x00000000e8a00000, 0x00000000e8b00000|  0%| F|  |TAMS 0x00000000e8a00000, 0x00000000e8a00000| Untracked 
| 139|0x00000000e8b00000, 0x00000000e8b00000, 0x00000000e8c00000|  0%| F|  |TAMS 0x00000000e8b00000, 0x00000000e8b00000| Untracked 
| 140|0x00000000e8c00000, 0x00000000e8c00000, 0x00000000e8d00000|  0%| F|  |TAMS 0x00000000e8c00000, 0x00000000e8c00000| Untracked 
| 141|0x00000000e8d00000, 0x00000000e8d00000, 0x00000000e8e00000|  0%| F|  |TAMS 0x00000000e8d00000, 0x00000000e8d00000| Untracked 
| 142|0x00000000e8e00000, 0x00000000e8e00000, 0x00000000e8f00000|  0%| F|  |TAMS 0x00000000e8e00000, 0x00000000e8e00000| Untracked 
| 143|0x00000000e8f00000, 0x00000000e8f00000, 0x00000000e9000000|  0%| F|  |TAMS 0x00000000e8f00000, 0x00000000e8f00000| Untracked 
| 144|0x00000000e9000000, 0x00000000e9000000, 0x00000000e9100000|  0%| F|  |TAMS 0x00000000e9000000, 0x00000000e9000000| Untracked 
| 145|0x00000000e9100000, 0x00000000e9100000, 0x00000000e9200000|  0%| F|  |TAMS 0x00000000e9100000, 0x00000000e9100000| Untracked 
| 146|0x00000000e9200000, 0x00000000e9200000, 0x00000000e9300000|  0%| F|  |TAMS 0x00000000e9200000, 0x00000000e9200000| Untracked 
| 147|0x00000000e9300000, 0x00000000e9300000, 0x00000000e9400000|  0%| F|  |TAMS 0x00000000e9300000, 0x00000000e9300000| Untracked 
| 148|0x00000000e9400000, 0x00000000e9400000, 0x00000000e9500000|  0%| F|  |TAMS 0x00000000e9400000, 0x00000000e9400000| Untracked 
| 149|0x00000000e9500000, 0x00000000e9500000, 0x00000000e9600000|  0%| F|  |TAMS 0x00000000e9500000, 0x00000000e9500000| Untracked 
| 150|0x00000000e9600000, 0x00000000e9600000, 0x00000000e9700000|  0%| F|  |TAMS 0x00000000e9600000, 0x00000000e9600000| Untracked 
| 151|0x00000000e9700000, 0x00000000e9700000, 0x00000000e9800000|  0%| F|  |TAMS 0x00000000e9700000, 0x00000000e9700000| Untracked 
| 152|0x00000000e9800000, 0x00000000e9800000, 0x00000000e9900000|  0%| F|  |TAMS 0x00000000e9800000, 0x00000000e9800000| Untracked 
| 153|0x00000000e9900000, 0x00000000e9900000, 0x00000000e9a00000|  0%| F|  |TAMS 0x00000000e9900000, 0x00000000e9900000| Untracked 
| 154|0x00000000e9a00000, 0x00000000e9a00000, 0x00000000e9b00000|  0%| F|  |TAMS 0x00000000e9a00000, 0x00000000e9a00000| Untracked 
| 155|0x00000000e9b00000, 0x00000000e9b00000, 0x00000000e9c00000|  0%| F|  |TAMS 0x00000000e9b00000, 0x00000000e9b00000| Untracked 
| 156|0x00000000e9c00000, 0x00000000e9c00000, 0x00000000e9d00000|  0%| F|  |TAMS 0x00000000e9c00000, 0x00000000e9c00000| Untracked 
| 157|0x00000000e9d00000, 0x00000000e9d00000, 0x00000000e9e00000|  0%| F|  |TAMS 0x00000000e9d00000, 0x00000000e9d00000| Untracked 
| 158|0x00000000e9e00000, 0x00000000e9e00000, 0x00000000e9f00000|  0%| F|  |TAMS 0x00000000e9e00000, 0x00000000e9e00000| Untracked 
| 159|0x00000000e9f00000, 0x00000000e9f00000, 0x00000000ea000000|  0%| F|  |TAMS 0x00000000e9f00000, 0x00000000e9f00000| Untracked 
| 160|0x00000000ea000000, 0x00000000ea000000, 0x00000000ea100000|  0%| F|  |TAMS 0x00000000ea000000, 0x00000000ea000000| Untracked 
| 161|0x00000000ea100000, 0x00000000ea100000, 0x00000000ea200000|  0%| F|  |TAMS 0x00000000ea100000, 0x00000000ea100000| Untracked 
| 162|0x00000000ea200000, 0x00000000ea200000, 0x00000000ea300000|  0%| F|  |TAMS 0x00000000ea200000, 0x00000000ea200000| Untracked 
| 163|0x00000000ea300000, 0x00000000ea300000, 0x00000000ea400000|  0%| F|  |TAMS 0x00000000ea300000, 0x00000000ea300000| Untracked 
| 164|0x00000000ea400000, 0x00000000ea400000, 0x00000000ea500000|  0%| F|  |TAMS 0x00000000ea400000, 0x00000000ea400000| Untracked 
| 165|0x00000000ea500000, 0x00000000ea500000, 0x00000000ea600000|  0%| F|  |TAMS 0x00000000ea500000, 0x00000000ea500000| Untracked 
| 166|0x00000000ea600000, 0x00000000ea600000, 0x00000000ea700000|  0%| F|  |TAMS 0x00000000ea600000, 0x00000000ea600000| Untracked 
| 167|0x00000000ea700000, 0x00000000ea700000, 0x00000000ea800000|  0%| F|  |TAMS 0x00000000ea700000, 0x00000000ea700000| Untracked 
| 168|0x00000000ea800000, 0x00000000ea800000, 0x00000000ea900000|  0%| F|  |TAMS 0x00000000ea800000, 0x00000000ea800000| Untracked 
| 169|0x00000000ea900000, 0x00000000ea900000, 0x00000000eaa00000|  0%| F|  |TAMS 0x00000000ea900000, 0x00000000ea900000| Untracked 
| 170|0x00000000eaa00000, 0x00000000eaa00000, 0x00000000eab00000|  0%| F|  |TAMS 0x00000000eaa00000, 0x00000000eaa00000| Untracked 
| 171|0x00000000eab00000, 0x00000000eab00000, 0x00000000eac00000|  0%| F|  |TAMS 0x00000000eab00000, 0x00000000eab00000| Untracked 
| 172|0x00000000eac00000, 0x00000000eac00000, 0x00000000ead00000|  0%| F|  |TAMS 0x00000000eac00000, 0x00000000eac00000| Untracked 
| 173|0x00000000ead00000, 0x00000000ead00000, 0x00000000eae00000|  0%| F|  |TAMS 0x00000000ead00000, 0x00000000ead00000| Untracked 
| 174|0x00000000eae00000, 0x00000000eae00000, 0x00000000eaf00000|  0%| F|  |TAMS 0x00000000eae00000, 0x00000000eae00000| Untracked 
| 175|0x00000000eaf00000, 0x00000000eaf00000, 0x00000000eb000000|  0%| F|  |TAMS 0x00000000eaf00000, 0x00000000eaf00000| Untracked 
| 176|0x00000000eb000000, 0x00000000eb000000, 0x00000000eb100000|  0%| F|  |TAMS 0x00000000eb000000, 0x00000000eb000000| Untracked 
| 177|0x00000000eb100000, 0x00000000eb100000, 0x00000000eb200000|  0%| F|  |TAMS 0x00000000eb100000, 0x00000000eb100000| Untracked 
| 178|0x00000000eb200000, 0x00000000eb200000, 0x00000000eb300000|  0%| F|  |TAMS 0x00000000eb200000, 0x00000000eb200000| Untracked 
| 179|0x00000000eb300000, 0x00000000eb300000, 0x00000000eb400000|  0%| F|  |TAMS 0x00000000eb300000, 0x00000000eb300000| Untracked 
| 180|0x00000000eb400000, 0x00000000eb400000, 0x00000000eb500000|  0%| F|  |TAMS 0x00000000eb400000, 0x00000000eb400000| Untracked 
| 181|0x00000000eb500000, 0x00000000eb500000, 0x00000000eb600000|  0%| F|  |TAMS 0x00000000eb500000, 0x00000000eb500000| Untracked 
| 182|0x00000000eb600000, 0x00000000eb600000, 0x00000000eb700000|  0%| F|  |TAMS 0x00000000eb600000, 0x00000000eb600000| Untracked 
| 183|0x00000000eb700000, 0x00000000eb700000, 0x00000000eb800000|  0%| F|  |TAMS 0x00000000eb700000, 0x00000000eb700000| Untracked 
| 184|0x00000000eb800000, 0x00000000eb800000, 0x00000000eb900000|  0%| F|  |TAMS 0x00000000eb800000, 0x00000000eb800000| Untracked 
| 185|0x00000000eb900000, 0x00000000eb900000, 0x00000000eba00000|  0%| F|  |TAMS 0x00000000eb900000, 0x00000000eb900000| Untracked 
| 186|0x00000000eba00000, 0x00000000eba00000, 0x00000000ebb00000|  0%| F|  |TAMS 0x00000000eba00000, 0x00000000eba00000| Untracked 
| 187|0x00000000ebb00000, 0x00000000ebb00000, 0x00000000ebc00000|  0%| F|  |TAMS 0x00000000ebb00000, 0x00000000ebb00000| Untracked 
| 188|0x00000000ebc00000, 0x00000000ebc00000, 0x00000000ebd00000|  0%| F|  |TAMS 0x00000000ebc00000, 0x00000000ebc00000| Untracked 
| 189|0x00000000ebd00000, 0x00000000ebd00000, 0x00000000ebe00000|  0%| F|  |TAMS 0x00000000ebd00000, 0x00000000ebd00000| Untracked 
| 190|0x00000000ebe00000, 0x00000000ebe00000, 0x00000000ebf00000|  0%| F|  |TAMS 0x00000000ebe00000, 0x00000000ebe00000| Untracked 
| 191|0x00000000ebf00000, 0x00000000ebf00000, 0x00000000ec000000|  0%| F|  |TAMS 0x00000000ebf00000, 0x00000000ebf00000| Untracked 
| 192|0x00000000ec000000, 0x00000000ec000000, 0x00000000ec100000|  0%| F|  |TAMS 0x00000000ec000000, 0x00000000ec000000| Untracked 
| 193|0x00000000ec100000, 0x00000000ec100000, 0x00000000ec200000|  0%| F|  |TAMS 0x00000000ec100000, 0x00000000ec100000| Untracked 
| 194|0x00000000ec200000, 0x00000000ec200000, 0x00000000ec300000|  0%| F|  |TAMS 0x00000000ec200000, 0x00000000ec200000| Untracked 
| 195|0x00000000ec300000, 0x00000000ec300000, 0x00000000ec400000|  0%| F|  |TAMS 0x00000000ec300000, 0x00000000ec300000| Untracked 
| 196|0x00000000ec400000, 0x00000000ec400000, 0x00000000ec500000|  0%| F|  |TAMS 0x00000000ec400000, 0x00000000ec400000| Untracked 
| 197|0x00000000ec500000, 0x00000000ec500000, 0x00000000ec600000|  0%| F|  |TAMS 0x00000000ec500000, 0x00000000ec500000| Untracked 
| 198|0x00000000ec600000, 0x00000000ec600000, 0x00000000ec700000|  0%| F|  |TAMS 0x00000000ec600000, 0x00000000ec600000| Untracked 
| 199|0x00000000ec700000, 0x00000000ec700000, 0x00000000ec800000|  0%| F|  |TAMS 0x00000000ec700000, 0x00000000ec700000| Untracked 
| 200|0x00000000ec800000, 0x00000000ec800000, 0x00000000ec900000|  0%| F|  |TAMS 0x00000000ec800000, 0x00000000ec800000| Untracked 
| 201|0x00000000ec900000, 0x00000000ec900000, 0x00000000eca00000|  0%| F|  |TAMS 0x00000000ec900000, 0x00000000ec900000| Untracked 
| 202|0x00000000eca00000, 0x00000000eca00000, 0x00000000ecb00000|  0%| F|  |TAMS 0x00000000eca00000, 0x00000000eca00000| Untracked 
| 203|0x00000000ecb00000, 0x00000000ecb00000, 0x00000000ecc00000|  0%| F|  |TAMS 0x00000000ecb00000, 0x00000000ecb00000| Untracked 
| 204|0x00000000ecc00000, 0x00000000ecc00000, 0x00000000ecd00000|  0%| F|  |TAMS 0x00000000ecc00000, 0x00000000ecc00000| Untracked 
| 205|0x00000000ecd00000, 0x00000000ecd00000, 0x00000000ece00000|  0%| F|  |TAMS 0x00000000ecd00000, 0x00000000ecd00000| Untracked 
| 206|0x00000000ece00000, 0x00000000ece00000, 0x00000000ecf00000|  0%| F|  |TAMS 0x00000000ece00000, 0x00000000ece00000| Untracked 
| 207|0x00000000ecf00000, 0x00000000ecf00000, 0x00000000ed000000|  0%| F|  |TAMS 0x00000000ecf00000, 0x00000000ecf00000| Untracked 
| 208|0x00000000ed000000, 0x00000000ed100000, 0x00000000ed100000|100%| E|  |TAMS 0x00000000ed000000, 0x00000000ed000000| Complete 
| 209|0x00000000ed100000, 0x00000000ed200000, 0x00000000ed200000|100%| E|CS|TAMS 0x00000000ed100000, 0x00000000ed100000| Complete 
| 210|0x00000000ed200000, 0x00000000ed300000, 0x00000000ed300000|100%| E|CS|TAMS 0x00000000ed200000, 0x00000000ed200000| Complete 
| 211|0x00000000ed300000, 0x00000000ed400000, 0x00000000ed400000|100%| E|CS|TAMS 0x00000000ed300000, 0x00000000ed300000| Complete 
| 212|0x00000000ed400000, 0x00000000ed500000, 0x00000000ed500000|100%| E|CS|TAMS 0x00000000ed400000, 0x00000000ed400000| Complete 
| 213|0x00000000ed500000, 0x00000000ed600000, 0x00000000ed600000|100%| E|CS|TAMS 0x00000000ed500000, 0x00000000ed500000| Complete 
| 214|0x00000000ed600000, 0x00000000ed700000, 0x00000000ed700000|100%| E|CS|TAMS 0x00000000ed600000, 0x00000000ed600000| Complete 
| 215|0x00000000ed700000, 0x00000000ed800000, 0x00000000ed800000|100%| E|CS|TAMS 0x00000000ed700000, 0x00000000ed700000| Complete 
| 216|0x00000000ed800000, 0x00000000ed900000, 0x00000000ed900000|100%| E|CS|TAMS 0x00000000ed800000, 0x00000000ed800000| Complete 
| 217|0x00000000ed900000, 0x00000000eda00000, 0x00000000eda00000|100%| E|CS|TAMS 0x00000000ed900000, 0x00000000ed900000| Complete 
| 218|0x00000000eda00000, 0x00000000edb00000, 0x00000000edb00000|100%| E|CS|TAMS 0x00000000eda00000, 0x00000000eda00000| Complete 
| 219|0x00000000edb00000, 0x00000000edc00000, 0x00000000edc00000|100%| E|CS|TAMS 0x00000000edb00000, 0x00000000edb00000| Complete 
| 220|0x00000000edc00000, 0x00000000edd00000, 0x00000000edd00000|100%| E|CS|TAMS 0x00000000edc00000, 0x00000000edc00000| Complete 
| 221|0x00000000edd00000, 0x00000000ede00000, 0x00000000ede00000|100%| E|CS|TAMS 0x00000000edd00000, 0x00000000edd00000| Complete 
| 222|0x00000000ede00000, 0x00000000edf00000, 0x00000000edf00000|100%| E|CS|TAMS 0x00000000ede00000, 0x00000000ede00000| Complete 
| 223|0x00000000edf00000, 0x00000000ee000000, 0x00000000ee000000|100%| E|CS|TAMS 0x00000000edf00000, 0x00000000edf00000| Complete 
| 224|0x00000000ee000000, 0x00000000ee100000, 0x00000000ee100000|100%| E|CS|TAMS 0x00000000ee000000, 0x00000000ee000000| Complete 
| 225|0x00000000ee100000, 0x00000000ee200000, 0x00000000ee200000|100%| E|CS|TAMS 0x00000000ee100000, 0x00000000ee100000| Complete 
| 226|0x00000000ee200000, 0x00000000ee300000, 0x00000000ee300000|100%| E|CS|TAMS 0x00000000ee200000, 0x00000000ee200000| Complete 
| 227|0x00000000ee300000, 0x00000000ee400000, 0x00000000ee400000|100%| E|CS|TAMS 0x00000000ee300000, 0x00000000ee300000| Complete 
| 228|0x00000000ee400000, 0x00000000ee500000, 0x00000000ee500000|100%| E|CS|TAMS 0x00000000ee400000, 0x00000000ee400000| Complete 
| 229|0x00000000ee500000, 0x00000000ee600000, 0x00000000ee600000|100%| E|CS|TAMS 0x00000000ee500000, 0x00000000ee500000| Complete 
| 230|0x00000000ee600000, 0x00000000ee700000, 0x00000000ee700000|100%| E|CS|TAMS 0x00000000ee600000, 0x00000000ee600000| Complete 
| 231|0x00000000ee700000, 0x00000000ee800000, 0x00000000ee800000|100%| E|CS|TAMS 0x00000000ee700000, 0x00000000ee700000| Complete 
| 232|0x00000000ee800000, 0x00000000ee900000, 0x00000000ee900000|100%| E|CS|TAMS 0x00000000ee800000, 0x00000000ee800000| Complete 
| 233|0x00000000ee900000, 0x00000000eea00000, 0x00000000eea00000|100%| E|CS|TAMS 0x00000000ee900000, 0x00000000ee900000| Complete 
| 234|0x00000000eea00000, 0x00000000eeb00000, 0x00000000eeb00000|100%| E|CS|TAMS 0x00000000eea00000, 0x00000000eea00000| Complete 
| 235|0x00000000eeb00000, 0x00000000eec00000, 0x00000000eec00000|100%| E|CS|TAMS 0x00000000eeb00000, 0x00000000eeb00000| Complete 
| 236|0x00000000eec00000, 0x00000000eed00000, 0x00000000eed00000|100%| E|CS|TAMS 0x00000000eec00000, 0x00000000eec00000| Complete 
| 237|0x00000000eed00000, 0x00000000eee00000, 0x00000000eee00000|100%| E|CS|TAMS 0x00000000eed00000, 0x00000000eed00000| Complete 
| 238|0x00000000eee00000, 0x00000000eef00000, 0x00000000eef00000|100%| E|CS|TAMS 0x00000000eee00000, 0x00000000eee00000| Complete 
| 239|0x00000000eef00000, 0x00000000ef000000, 0x00000000ef000000|100%| E|CS|TAMS 0x00000000eef00000, 0x00000000eef00000| Complete 
| 240|0x00000000ef000000, 0x00000000ef100000, 0x00000000ef100000|100%| E|CS|TAMS 0x00000000ef000000, 0x00000000ef000000| Complete 
| 241|0x00000000ef100000, 0x00000000ef200000, 0x00000000ef200000|100%| E|  |TAMS 0x00000000ef100000, 0x00000000ef100000| Complete 
| 242|0x00000000ef200000, 0x00000000ef300000, 0x00000000ef300000|100%| E|CS|TAMS 0x00000000ef200000, 0x00000000ef200000| Complete 
| 243|0x00000000ef300000, 0x00000000ef400000, 0x00000000ef400000|100%| E|CS|TAMS 0x00000000ef300000, 0x00000000ef300000| Complete 
| 244|0x00000000ef400000, 0x00000000ef443280, 0x00000000ef500000| 26%| S|CS|TAMS 0x00000000ef400000, 0x00000000ef400000| Complete 
| 245|0x00000000ef500000, 0x00000000ef600000, 0x00000000ef600000|100%| S|CS|TAMS 0x00000000ef500000, 0x00000000ef500000| Complete 
| 246|0x00000000ef600000, 0x00000000ef700000, 0x00000000ef700000|100%| E|CS|TAMS 0x00000000ef600000, 0x00000000ef600000| Complete 
| 247|0x00000000ef700000, 0x00000000ef800000, 0x00000000ef800000|100%| E|CS|TAMS 0x00000000ef700000, 0x00000000ef700000| Complete 
| 248|0x00000000ef800000, 0x00000000ef900000, 0x00000000ef900000|100%| E|CS|TAMS 0x00000000ef800000, 0x00000000ef800000| Complete 
| 249|0x00000000ef900000, 0x00000000efa00000, 0x00000000efa00000|100%| E|CS|TAMS 0x00000000ef900000, 0x00000000ef900000| Complete 
| 250|0x00000000efa00000, 0x00000000efb00000, 0x00000000efb00000|100%| E|CS|TAMS 0x00000000efa00000, 0x00000000efa00000| Complete 
| 251|0x00000000efb00000, 0x00000000efc00000, 0x00000000efc00000|100%| E|CS|TAMS 0x00000000efb00000, 0x00000000efb00000| Complete 
| 252|0x00000000efc00000, 0x00000000efd00000, 0x00000000efd00000|100%| E|CS|TAMS 0x00000000efc00000, 0x00000000efc00000| Complete 
| 253|0x00000000efd00000, 0x00000000efe00000, 0x00000000efe00000|100%| E|CS|TAMS 0x00000000efd00000, 0x00000000efd00000| Complete 
| 254|0x00000000efe00000, 0x00000000eff00000, 0x00000000eff00000|100%| E|CS|TAMS 0x00000000efe00000, 0x00000000efe00000| Complete 
| 255|0x00000000eff00000, 0x00000000f0000000, 0x00000000f0000000|100%| E|CS|TAMS 0x00000000eff00000, 0x00000000eff00000| Complete 

Card table byte_map: [0x0000026e29740000,0x0000026e29840000] _byte_map_base: 0x0000026e29040000

Marking Bits (Prev, Next): (CMBitMap*) 0x0000026e10a0ec60, (CMBitMap*) 0x0000026e10a0ec20
 Prev Bits: [0x0000026e2a140000, 0x0000026e2a940000)
 Next Bits: [0x0000026e29940000, 0x0000026e2a140000)

Polling page: 0x0000026e10ab0000

Metaspace:

Usage:
  Non-class:     53.25 MB used.
      Class:      9.06 MB used.
       Both:     62.31 MB used.

Virtual space:
  Non-class space:       56.00 MB reserved,      53.75 MB ( 96%) committed,  7 nodes.
      Class space:      308.00 MB reserved,       9.56 MB (  3%) committed,  1 nodes.
             Both:      364.00 MB reserved,      63.31 MB ( 17%) committed. 

Chunk freelists:
   Non-Class:  1.47 MB
       Class:  2.41 MB
        Both:  3.88 MB

MaxMetaspaceSize: 384.00 MB
CompressedClassSpaceSize: 308.00 MB
Initial GC threshold: 21.00 MB
Current GC threshold: 99.31 MB
CDS: on
MetaspaceReclaimPolicy: balanced
 - commit_granule_bytes: 65536.
 - commit_granule_words: 8192.
 - virtual_space_node_default_size: 1048576.
 - enlarge_chunks_in_place: 1.
 - new_chunks_are_fully_committed: 0.
 - uncommit_free_chunks: 1.
 - use_allocation_guard: 0.
 - handle_deallocations: 1.


Internal statistics:

num_allocs_failed_limit: 12.
num_arena_births: 1508.
num_arena_deaths: 0.
num_vsnodes_births: 8.
num_vsnodes_deaths: 0.
num_space_committed: 1013.
num_space_uncommitted: 0.
num_chunks_returned_to_freelist: 12.
num_chunks_taken_from_freelist: 4500.
num_chunk_merges: 12.
num_chunk_splits: 2816.
num_chunks_enlarged: 1656.
num_purges: 0.
num_inconsistent_stats: 0.

CodeHeap 'non-profiled nmethods': size=120000Kb used=4332Kb max_used=4332Kb free=115667Kb
 bounds [0x0000026e21480000, 0x0000026e218c0000, 0x0000026e289b0000]
CodeHeap 'profiled nmethods': size=120000Kb used=13311Kb max_used=13311Kb free=106688Kb
 bounds [0x0000026e19f50000, 0x0000026e1ac50000, 0x0000026e21480000]
CodeHeap 'non-nmethods': size=5760Kb used=1675Kb max_used=1720Kb free=4084Kb
 bounds [0x0000026e199b0000, 0x0000026e19c20000, 0x0000026e19f50000]
 total_blobs=7586 nmethods=6828 adapters=669
 compilation: enabled
              stopped_count=0, restarted_count=0
 full_count=0

Compilation events (20 events):
Event: 14.646 Thread 0x0000026e2d5c0b50 nmethod 7591 0x0000026e218b8110 code [0x0000026e218b82a0, 0x0000026e218b8378]
Event: 14.646 Thread 0x0000026e2d5c0b50 7583       3       org.gradle.api.internal.artifacts.DefaultModuleVersionIdentifier::getGroup (10 bytes)
Event: 14.646 Thread 0x0000026e2d5c0b50 nmethod 7583 0x0000026e1ac4e290 code [0x0000026e1ac4e420, 0x0000026e1ac4e598]
Event: 14.646 Thread 0x0000026e2d5c0b50 7584       3       org.gradle.internal.model.InMemoryCacheFactory$IdentityLoadingCache::get (19 bytes)
Event: 14.647 Thread 0x0000026e2d5c0b50 nmethod 7584 0x0000026e1ac4e690 code [0x0000026e1ac4e860, 0x0000026e1ac4ec08]
Event: 14.647 Thread 0x0000026e2d5c0b50 7585       3       org.gradle.internal.model.InMemoryCacheFactory$IdentityKey::<init> (6 bytes)
Event: 14.647 Thread 0x0000026e319ee100 nmethod 7587 0x0000026e218b8410 code [0x0000026e218b85a0, 0x0000026e218b86f8]
Event: 14.647 Thread 0x0000026e319ee100 7588       4       java.util.HashSet::<init> (18 bytes)
Event: 14.647 Thread 0x0000026e2d5c0b50 nmethod 7585 0x0000026e1ac4ed90 code [0x0000026e1ac4ef40, 0x0000026e1ac4f158]
Event: 14.647 Thread 0x0000026e2d5c0b50 7586       3       org.gradle.internal.model.InMemoryCacheFactory$IdentityKey::<init> (10 bytes)
Event: 14.648 Thread 0x0000026e2d5c0b50 nmethod 7586 0x0000026e1ac4f290 code [0x0000026e1ac4f420, 0x0000026e1ac4f5d8]
Event: 14.648 Thread 0x0000026e2d5c0b50 7582       3       org.gradle.internal.component.external.model.DefaultImmutableCapability::defaultCapabilityForComponent (26 bytes)
Event: 14.648 Thread 0x0000026e2d5c0b50 nmethod 7582 0x0000026e1ac4f690 code [0x0000026e1ac4f860, 0x0000026e1ac4fc68]
Event: 14.648 Thread 0x0000026e2d5c0b50 7578       1       org.gradle.api.artifacts.result.ComponentSelectionCause::getDefaultReason (5 bytes)
Event: 14.649 Thread 0x0000026e2d5c0b50 nmethod 7578 0x0000026e218b8810 code [0x0000026e218b89a0, 0x0000026e218b8a78]
Event: 14.649 Thread 0x0000026e2d5c0b50 7572       3       org.gradle.internal.snapshot.impl.StringValueSnapshot::isolate (5 bytes)
Event: 14.649 Thread 0x0000026e2d5c0b50 nmethod 7572 0x0000026e218b8b10 code [0x0000026e218b8cc0, 0x0000026e218b8f18]
Event: 14.649 Thread 0x0000026e2d5c0b50 7581       1       org.gradle.internal.component.external.model.AbstractVariantBackedConfigurationMetadata::getId (5 bytes)
Event: 14.649 Thread 0x0000026e2d5c0b50 nmethod 7581 0x0000026e218b9010 code [0x0000026e218b91a0, 0x0000026e218b9278]
Event: 14.651 Thread 0x0000026e319ee100 nmethod 7588 0x0000026e218b9310 code [0x0000026e218b94a0, 0x0000026e218b9778]

GC Heap History (20 events):
Event: 1.258 GC heap before
{Heap before GC invocations=1 (full 0):
 garbage-first heap   total 262144K, used 38389K [0x00000000e0000000, 0x0000000100000000)
  region size 1024K, 30 young (30720K), 3 survivors (3072K)
 Metaspace       used 4596K, committed 4736K, reserved 323584K
  class space    used 592K, committed 640K, reserved 315392K
}
Event: 1.262 GC heap after
{Heap after GC invocations=2 (full 0):
 garbage-first heap   total 262144K, used 12967K [0x00000000e0000000, 0x0000000100000000)
  region size 1024K, 3 young (3072K), 3 survivors (3072K)
 Metaspace       used 4596K, committed 4736K, reserved 323584K
  class space    used 592K, committed 640K, reserved 315392K
}
Event: 1.832 GC heap before
{Heap before GC invocations=2 (full 0):
 garbage-first heap   total 262144K, used 82599K [0x00000000e0000000, 0x0000000100000000)
  region size 1024K, 70 young (71680K), 3 survivors (3072K)
 Metaspace       used 5971K, committed 6144K, reserved 323584K
  class space    used 803K, committed 896K, reserved 315392K
}
Event: 1.837 GC heap after
{Heap after GC invocations=3 (full 0):
 garbage-first heap   total 262144K, used 19716K [0x00000000e0000000, 0x0000000100000000)
  region size 1024K, 8 young (8192K), 8 survivors (8192K)
 Metaspace       used 5971K, committed 6144K, reserved 323584K
  class space    used 803K, committed 896K, reserved 315392K
}
Event: 3.759 GC heap before
{Heap before GC invocations=3 (full 0):
 garbage-first heap   total 262144K, used 113924K [0x00000000e0000000, 0x0000000100000000)
  region size 1024K, 101 young (103424K), 8 survivors (8192K)
 Metaspace       used 21224K, committed 21504K, reserved 339968K
  class space    used 3071K, committed 3200K, reserved 315392K
}
Event: 3.769 GC heap after
{Heap after GC invocations=4 (full 0):
 garbage-first heap   total 262144K, used 25106K [0x00000000e0000000, 0x0000000100000000)
  region size 1024K, 14 young (14336K), 14 survivors (14336K)
 Metaspace       used 21224K, committed 21504K, reserved 339968K
  class space    used 3071K, committed 3200K, reserved 315392K
}
Event: 6.927 GC heap before
{Heap before GC invocations=5 (full 0):
 garbage-first heap   total 262144K, used 154130K [0x00000000e0000000, 0x0000000100000000)
  region size 1024K, 128 young (131072K), 14 survivors (14336K)
 Metaspace       used 35426K, committed 35968K, reserved 348160K
  class space    used 5029K, committed 5248K, reserved 315392K
}
Event: 6.941 GC heap after
{Heap after GC invocations=6 (full 0):
 garbage-first heap   total 262144K, used 45448K [0x00000000e0000000, 0x0000000100000000)
  region size 1024K, 14 young (14336K), 14 survivors (14336K)
 Metaspace       used 35426K, committed 35968K, reserved 348160K
  class space    used 5029K, committed 5248K, reserved 315392K
}
Event: 6.959 GC heap before
{Heap before GC invocations=6 (full 0):
 garbage-first heap   total 262144K, used 46472K [0x00000000e0000000, 0x0000000100000000)
  region size 1024K, 15 young (15360K), 14 survivors (14336K)
 Metaspace       used 35539K, committed 36096K, reserved 348160K
  class space    used 5044K, committed 5312K, reserved 315392K
}
Event: 6.967 GC heap after
{Heap after GC invocations=7 (full 0):
 garbage-first heap   total 262144K, used 46709K [0x00000000e0000000, 0x0000000100000000)
  region size 1024K, 2 young (2048K), 2 survivors (2048K)
 Metaspace       used 35539K, committed 36096K, reserved 348160K
  class space    used 5044K, committed 5312K, reserved 315392K
}
Event: 7.029 GC heap before
{Heap before GC invocations=7 (full 0):
 garbage-first heap   total 262144K, used 47733K [0x00000000e0000000, 0x0000000100000000)
  region size 1024K, 4 young (4096K), 2 survivors (2048K)
 Metaspace       used 35751K, committed 36288K, reserved 348160K
  class space    used 5076K, committed 5312K, reserved 315392K
}
Event: 7.031 GC heap after
{Heap after GC invocations=8 (full 0):
 garbage-first heap   total 262144K, used 45369K [0x00000000e0000000, 0x0000000100000000)
  region size 1024K, 1 young (1024K), 1 survivors (1024K)
 Metaspace       used 35751K, committed 36288K, reserved 348160K
  class space    used 5076K, committed 5312K, reserved 315392K
}
Event: 10.051 GC heap before
{Heap before GC invocations=9 (full 0):
 garbage-first heap   total 262144K, used 210233K [0x00000000e0000000, 0x0000000100000000)
  region size 1024K, 149 young (152576K), 1 survivors (1024K)
 Metaspace       used 49165K, committed 49984K, reserved 364544K
  class space    used 7099K, committed 7488K, reserved 315392K
}
Event: 10.060 GC heap after
{Heap after GC invocations=10 (full 0):
 garbage-first heap   total 262144K, used 69909K [0x00000000e0000000, 0x0000000100000000)
  region size 1024K, 11 young (11264K), 11 survivors (11264K)
 Metaspace       used 49165K, committed 49984K, reserved 364544K
  class space    used 7099K, committed 7488K, reserved 315392K
}
Event: 10.079 GC heap before
{Heap before GC invocations=10 (full 0):
 garbage-first heap   total 262144K, used 70933K [0x00000000e0000000, 0x0000000100000000)
  region size 1024K, 12 young (12288K), 11 survivors (11264K)
 Metaspace       used 49276K, committed 50112K, reserved 364544K
  class space    used 7116K, committed 7488K, reserved 315392K
}
Event: 10.086 GC heap after
{Heap after GC invocations=11 (full 0):
 garbage-first heap   total 262144K, used 70542K [0x00000000e0000000, 0x0000000100000000)
  region size 1024K, 2 young (2048K), 2 survivors (2048K)
 Metaspace       used 49276K, committed 50112K, reserved 364544K
  class space    used 7116K, committed 7488K, reserved 315392K
}
Event: 12.259 GC heap before
{Heap before GC invocations=11 (full 0):
 garbage-first heap   total 262144K, used 215950K [0x00000000e0000000, 0x0000000100000000)
  region size 1024K, 130 young (133120K), 2 survivors (2048K)
 Metaspace       used 58792K, committed 59584K, reserved 372736K
  class space    used 8508K, committed 8896K, reserved 315392K
}
Event: 12.270 GC heap after
{Heap after GC invocations=12 (full 0):
 garbage-first heap   total 262144K, used 95448K [0x00000000e0000000, 0x0000000100000000)
  region size 1024K, 12 young (12288K), 12 survivors (12288K)
 Metaspace       used 58792K, committed 59584K, reserved 372736K
  class space    used 8508K, committed 8896K, reserved 315392K
}
Event: 12.453 GC heap before
{Heap before GC invocations=12 (full 0):
 garbage-first heap   total 262144K, used 104664K [0x00000000e0000000, 0x0000000100000000)
  region size 1024K, 22 young (22528K), 12 survivors (12288K)
 Metaspace       used 60063K, committed 60800K, reserved 372736K
  class space    used 8671K, committed 9024K, reserved 315392K
}
Event: 12.459 GC heap after
{Heap after GC invocations=13 (full 0):
 garbage-first heap   total 262144K, used 96175K [0x00000000e0000000, 0x0000000100000000)
  region size 1024K, 2 young (2048K), 2 survivors (2048K)
 Metaspace       used 60063K, committed 60800K, reserved 372736K
  class space    used 8671K, committed 9024K, reserved 315392K
}

Deoptimization events (20 events):
Event: 14.165 Thread 0x0000026e2ff0dd40 Uncommon trap: trap_request=0xffffffc6 fr.pc=0x0000026e21808aa0 relative=0x0000000000000680
Event: 14.165 Thread 0x0000026e2ff0dd40 Uncommon trap: reason=bimorphic_or_optimized_type_check action=maybe_recompile pc=0x0000026e21808aa0 method=com.google.common.collect.NaturalOrdering.compare(Ljava/lang/Comparable;Ljava/lang/Comparable;)I @ 12 c2
Event: 14.165 Thread 0x0000026e2ff0dd40 DEOPT PACKING pc=0x0000026e21808aa0 sp=0x00000097986f6a80
Event: 14.165 Thread 0x0000026e2ff0dd40 DEOPT UNPACKING pc=0x0000026e19a023a3 sp=0x00000097986f69a8 mode 2
Event: 14.571 Thread 0x0000026e2ff0dd40 Uncommon trap: trap_request=0xffffff45 fr.pc=0x0000026e2187b600 relative=0x0000000000000d00
Event: 14.571 Thread 0x0000026e2ff0dd40 Uncommon trap: reason=unstable_if action=reinterpret pc=0x0000026e2187b600 method=com.esotericsoftware.kryo.io.Input.readString()Ljava/lang/String; @ 28 c2
Event: 14.571 Thread 0x0000026e2ff0dd40 DEOPT PACKING pc=0x0000026e2187b600 sp=0x00000097986f8330
Event: 14.571 Thread 0x0000026e2ff0dd40 DEOPT UNPACKING pc=0x0000026e19a023a3 sp=0x00000097986f8308 mode 2
Event: 14.599 Thread 0x0000026e2ff0dd40 Uncommon trap: trap_request=0xffffff45 fr.pc=0x0000026e21518a84 relative=0x0000000000000664
Event: 14.599 Thread 0x0000026e2ff0dd40 Uncommon trap: reason=unstable_if action=reinterpret pc=0x0000026e21518a84 method=java.net.URI$Parser.scan(IILjava/lang/String;)I @ 26 c2
Event: 14.599 Thread 0x0000026e2ff0dd40 DEOPT PACKING pc=0x0000026e21518a84 sp=0x00000097986f7120
Event: 14.599 Thread 0x0000026e2ff0dd40 DEOPT UNPACKING pc=0x0000026e19a023a3 sp=0x00000097986f70d0 mode 2
Event: 14.608 Thread 0x0000026e308798c0 Uncommon trap: trap_request=0xffffffbe fr.pc=0x0000026e218a1bc0 relative=0x00000000000009c0
Event: 14.608 Thread 0x0000026e308798c0 Uncommon trap: reason=profile_predicate action=maybe_recompile pc=0x0000026e218a1bc0 method=com.esotericsoftware.kryo.io.Output.writeString(Ljava/lang/CharSequence;)V @ 67 c2
Event: 14.608 Thread 0x0000026e308798c0 DEOPT PACKING pc=0x0000026e218a1bc0 sp=0x00000097987feb80
Event: 14.608 Thread 0x0000026e308798c0 DEOPT UNPACKING pc=0x0000026e19a023a3 sp=0x00000097987feb30 mode 2
Event: 14.638 Thread 0x0000026e308798c0 Uncommon trap: trap_request=0xffffffbe fr.pc=0x0000026e218a1bc0 relative=0x00000000000009c0
Event: 14.638 Thread 0x0000026e308798c0 Uncommon trap: reason=profile_predicate action=maybe_recompile pc=0x0000026e218a1bc0 method=com.esotericsoftware.kryo.io.Output.writeString(Ljava/lang/CharSequence;)V @ 67 c2
Event: 14.638 Thread 0x0000026e308798c0 DEOPT PACKING pc=0x0000026e218a1bc0 sp=0x00000097987feb80
Event: 14.638 Thread 0x0000026e308798c0 DEOPT UNPACKING pc=0x0000026e19a023a3 sp=0x00000097987feb30 mode 2

Classes unloaded (0 events):
No events

Classes redefined (0 events):
No events

Internal exceptions (20 events):
Event: 12.663 Thread 0x0000026e2ff0dd40 Exception <a 'java/lang/ClassNotFoundException'{0x00000000ef7d1608}: org/gradle/api/file/CopyProcessingSpecCustomizer> (0x00000000ef7d1608) 
thrown [t:\workspace\open\src\hotspot\share\classfile\systemDictionary.cpp, line 256]
Event: 12.666 Thread 0x0000026e2ff0dd40 Exception <a 'java/lang/ClassNotFoundException'{0x00000000ef7efd48}: org/gradle/api/file/ContentFilterableBeanInfo> (0x00000000ef7efd48) 
thrown [t:\workspace\open\src\hotspot\share\classfile\systemDictionary.cpp, line 256]
Event: 12.667 Thread 0x0000026e2ff0dd40 Exception <a 'java/lang/ClassNotFoundException'{0x00000000ef7fb0a0}: org/gradle/api/file/ContentFilterableCustomizer> (0x00000000ef7fb0a0) 
thrown [t:\workspace\open\src\hotspot\share\classfile\systemDictionary.cpp, line 256]
Event: 12.671 Thread 0x0000026e2ff0dd40 Exception <a 'java/lang/ClassNotFoundException'{0x00000000ef6170f8}: org/gradle/api/tasks/util/PatternFilterableBeanInfo> (0x00000000ef6170f8) 
thrown [t:\workspace\open\src\hotspot\share\classfile\systemDictionary.cpp, line 256]
Event: 12.673 Thread 0x0000026e2ff0dd40 Exception <a 'java/lang/ClassNotFoundException'{0x00000000ef6225e0}: org/gradle/api/tasks/util/PatternFilterableCustomizer> (0x00000000ef6225e0) 
thrown [t:\workspace\open\src\hotspot\share\classfile\systemDictionary.cpp, line 256]
Event: 12.675 Thread 0x0000026e2ff0dd40 Exception <a 'java/lang/ClassNotFoundException'{0x00000000ef6422d8}: org/gradle/api/internal/GeneratedSubclassBeanInfo> (0x00000000ef6422d8) 
thrown [t:\workspace\open\src\hotspot\share\classfile\systemDictionary.cpp, line 256]
Event: 12.677 Thread 0x0000026e2ff0dd40 Exception <a 'java/lang/ClassNotFoundException'{0x00000000ef64d6a0}: org/gradle/api/internal/GeneratedSubclassCustomizer> (0x00000000ef64d6a0) 
thrown [t:\workspace\open\src\hotspot\share\classfile\systemDictionary.cpp, line 256]
Event: 12.679 Thread 0x0000026e2ff0dd40 Exception <a 'java/lang/ClassNotFoundException'{0x00000000ef6625c0}: org/gradle/internal/state/ModelObjectBeanInfo> (0x00000000ef6625c0) 
thrown [t:\workspace\open\src\hotspot\share\classfile\systemDictionary.cpp, line 256]
Event: 12.680 Thread 0x0000026e2ff0dd40 Exception <a 'java/lang/ClassNotFoundException'{0x00000000ef66da30}: org/gradle/internal/state/ModelObjectCustomizer> (0x00000000ef66da30) 
thrown [t:\workspace\open\src\hotspot\share\classfile\systemDictionary.cpp, line 256]
Event: 12.681 Thread 0x0000026e2ff0dd40 Exception <a 'java/lang/ClassNotFoundException'{0x00000000ef6842e8}: org/gradle/internal/state/OwnerAwareBeanInfo> (0x00000000ef6842e8) 
thrown [t:\workspace\open\src\hotspot\share\classfile\systemDictionary.cpp, line 256]
Event: 12.682 Thread 0x0000026e2ff0dd40 Exception <a 'java/lang/ClassNotFoundException'{0x00000000ef68f5d8}: org/gradle/internal/state/OwnerAwareCustomizer> (0x00000000ef68f5d8) 
thrown [t:\workspace\open\src\hotspot\share\classfile\systemDictionary.cpp, line 256]
Event: 12.684 Thread 0x0000026e2ff0dd40 Exception <a 'java/lang/ClassNotFoundException'{0x00000000ef6a4010}: org/gradle/api/internal/DynamicObjectAwareBeanInfo> (0x00000000ef6a4010) 
thrown [t:\workspace\open\src\hotspot\share\classfile\systemDictionary.cpp, line 256]
Event: 12.686 Thread 0x0000026e2ff0dd40 Exception <a 'java/lang/ClassNotFoundException'{0x00000000ef6af3d8}: org/gradle/api/internal/DynamicObjectAwareCustomizer> (0x00000000ef6af3d8) 
thrown [t:\workspace\open\src\hotspot\share\classfile\systemDictionary.cpp, line 256]
Event: 12.689 Thread 0x0000026e2ff0dd40 Exception <a 'java/lang/ClassNotFoundException'{0x00000000ef6d1600}: groovy/lang/GroovyObjectBeanInfo> (0x00000000ef6d1600) 
thrown [t:\workspace\open\src\hotspot\share\classfile\systemDictionary.cpp, line 256]
Event: 12.690 Thread 0x0000026e2ff0dd40 Exception <a 'java/lang/ClassNotFoundException'{0x00000000ef6e95f0}: groovy/lang/GroovyObjectCustomizer> (0x00000000ef6e95f0) 
thrown [t:\workspace\open\src\hotspot\share\classfile\systemDictionary.cpp, line 256]
Event: 12.772 Thread 0x0000026e2ec5a990 Exception <a 'java/lang/NoSuchMethodError'{0x00000000ef086160}: 'void java.lang.invoke.DirectMethodHandle$Holder.invokeStatic(java.lang.Object, long)'> (0x00000000ef086160) 
thrown [t:\workspace\open\src\hotspot\share\interpreter\linkResolver.cpp, line 766]
Event: 12.774 Thread 0x0000026e2ec5a990 Exception <a 'java/lang/NoSuchMethodError'{0x00000000ef091000}: 'java.lang.Object java.lang.invoke.DirectMethodHandle$Holder.invokeStatic(java.lang.Object, java.lang.Object, long, java.lang.Object)'> (0x00000000ef091000) 
thrown [t:\workspace\open\src\hotspot\share\interpreter\linkResolver.cpp, line 766]
Event: 12.774 Thread 0x0000026e2ec5a990 Exception <a 'java/lang/NoSuchMethodError'{0x00000000ef0947d8}: 'java.lang.Object java.lang.invoke.DirectMethodHandle$Holder.invokeStaticInit(java.lang.Object, java.lang.Object, long, java.lang.Object)'> (0x00000000ef0947d8) 
thrown [t:\workspace\open\src\hotspot\share\interpreter\linkResolver.cpp, line 766]
Event: 13.074 Thread 0x0000026e2ec5a990 Exception <a 'java/lang/NoSuchMethodError'{0x00000000ef0a7d90}: 'void java.lang.invoke.DirectMethodHandle$Holder.invokeSpecial(java.lang.Object, java.lang.Object, int)'> (0x00000000ef0a7d90) 
thrown [t:\workspace\open\src\hotspot\share\interpreter\linkResolver.cpp, line 766]
Event: 14.050 Thread 0x0000026e2ff0dd40 Exception <a 'java/lang/NoSuchMethodError'{0x00000000ee41bfe8}: 'int java.lang.invoke.DirectMethodHandle$Holder.invokeSpecialIFC(java.lang.Object, java.lang.Object, java.lang.Object)'> (0x00000000ee41bfe8) 
thrown [t:\workspace\open\src\hotspot\share\interpreter\linkResolver.cpp, line 766]

VM Operations (20 events):
Event: 12.373 Executing VM operation: HandshakeAllThreads
Event: 12.373 Executing VM operation: HandshakeAllThreads done
Event: 12.453 Executing VM operation: CollectForMetadataAllocation
Event: 12.460 Executing VM operation: CollectForMetadataAllocation done
Event: 12.481 Executing VM operation: G1Concurrent
Event: 12.493 Executing VM operation: G1Concurrent done
Event: 12.505 Executing VM operation: G1Concurrent
Event: 12.506 Executing VM operation: G1Concurrent done
Event: 12.762 Executing VM operation: HandshakeAllThreads
Event: 12.762 Executing VM operation: HandshakeAllThreads done
Event: 12.776 Executing VM operation: HandshakeAllThreads
Event: 12.776 Executing VM operation: HandshakeAllThreads done
Event: 13.778 Executing VM operation: Cleanup
Event: 13.778 Executing VM operation: Cleanup done
Event: 14.072 Executing VM operation: HandshakeAllThreads
Event: 14.072 Executing VM operation: HandshakeAllThreads done
Event: 14.266 Executing VM operation: HandshakeAllThreads
Event: 14.266 Executing VM operation: HandshakeAllThreads done
Event: 14.291 Executing VM operation: ICBufferFull
Event: 14.291 Executing VM operation: ICBufferFull done

Events (20 events):
Event: 13.954 loading class javax/net/ssl/TrustManager
Event: 13.955 loading class javax/net/ssl/TrustManager done
Event: 13.955 loading class javax/net/ssl/X509TrustManager
Event: 13.955 loading class javax/net/ssl/X509TrustManager done
Event: 13.958 loading class javax/net/ssl/SSLException
Event: 13.958 loading class javax/net/ssl/SSLException done
Event: 13.958 loading class javax/net/ssl/SSLPeerUnverifiedException
Event: 13.958 loading class javax/net/ssl/SSLPeerUnverifiedException done
Event: 13.959 loading class java/security/cert/CertificateParsingException
Event: 13.959 loading class java/security/cert/CertificateException
Event: 13.959 loading class java/security/cert/CertificateException done
Event: 13.959 loading class java/security/cert/CertificateParsingException done
Event: 13.959 loading class javax/naming/NamingException
Event: 13.960 loading class javax/naming/NamingException done
Event: 13.960 loading class javax/naming/InvalidNameException
Event: 13.960 loading class javax/naming/InvalidNameException done
Event: 14.051 loading class java/nio/file/Path$1
Event: 14.051 loading class java/nio/file/Path$1 done
Event: 14.160 Thread 0x0000026e319ee100 Thread added: 0x0000026e319ee100
Event: 14.404 Thread 0x0000026e319ea950 Thread added: 0x0000026e319ea950


Dynamic libraries:
0x00007ff6dcc40000 - 0x00007ff6dcc4e000 	C:\jdk-17\bin\java.exe
0x00007ffa5bfb0000 - 0x00007ffa5c1c8000 	C:\Windows\SYSTEM32\ntdll.dll
0x00007ffa5a360000 - 0x00007ffa5a424000 	C:\Windows\System32\KERNEL32.DLL
0x00007ffa590f0000 - 0x00007ffa594c3000 	C:\Windows\System32\KERNELBASE.dll
0x00007ffa59740000 - 0x00007ffa59851000 	C:\Windows\System32\ucrtbase.dll
0x00007ffa4bdd0000 - 0x00007ffa4bde8000 	C:\jdk-17\bin\jli.dll
0x00007ffa43060000 - 0x00007ffa4307a000 	C:\jdk-17\bin\VCRUNTIME140.dll
0x00007ffa59ea0000 - 0x00007ffa5a052000 	C:\Windows\System32\USER32.dll
0x00007ffa59550000 - 0x00007ffa59576000 	C:\Windows\System32\win32u.dll
0x00007ffa3fdf0000 - 0x00007ffa4008c000 	C:\Windows\WinSxS\amd64_microsoft.windows.common-controls_6595b64144ccf1df_6.0.22621.6060_none_2712eda17382d24b\COMCTL32.dll
0x00007ffa5aba0000 - 0x00007ffa5abc9000 	C:\Windows\System32\GDI32.dll
0x00007ffa59df0000 - 0x00007ffa59e97000 	C:\Windows\System32\msvcrt.dll
0x00007ffa59860000 - 0x00007ffa5997b000 	C:\Windows\System32\gdi32full.dll
0x00007ffa59bb0000 - 0x00007ffa59c4a000 	C:\Windows\System32\msvcp_win.dll
0x00007ffa5a320000 - 0x00007ffa5a351000 	C:\Windows\System32\IMM32.DLL
0x00007ffa4f6a0000 - 0x00007ffa4f6ac000 	C:\jdk-17\bin\vcruntime140_1.dll
0x00007ffa3cab0000 - 0x00007ffa3cb3d000 	C:\jdk-17\bin\msvcp140.dll
0x00007ff9dbcd0000 - 0x00007ff9dc88e000 	C:\jdk-17\bin\server\jvm.dll
0x00007ffa5a260000 - 0x00007ffa5a311000 	C:\Windows\System32\ADVAPI32.dll
0x00007ffa5b1a0000 - 0x00007ffa5b248000 	C:\Windows\System32\sechost.dll
0x00007ffa590c0000 - 0x00007ffa590e8000 	C:\Windows\System32\bcrypt.dll
0x00007ffa59cd0000 - 0x00007ffa59de8000 	C:\Windows\System32\RPCRT4.dll
0x00007ffa5b360000 - 0x00007ffa5b368000 	C:\Windows\System32\PSAPI.DLL
0x00007ffa4efb0000 - 0x00007ffa4efe4000 	C:\Windows\SYSTEM32\WINMM.dll
0x00007ffa40180000 - 0x00007ffa4018a000 	C:\Windows\SYSTEM32\VERSION.dll
0x00007ffa4e020000 - 0x00007ffa4e029000 	C:\Windows\SYSTEM32\WSOCK32.dll
0x00007ffa59c50000 - 0x00007ffa59cc1000 	C:\Windows\System32\WS2_32.dll
0x00007ffa57fc0000 - 0x00007ffa57fd8000 	C:\Windows\SYSTEM32\kernel.appcore.dll
0x00007ffa409f0000 - 0x00007ffa409fa000 	C:\jdk-17\bin\jimage.dll
0x00007ffa56ac0000 - 0x00007ffa56cf3000 	C:\Windows\SYSTEM32\DBGHELP.DLL
0x00007ffa5a800000 - 0x00007ffa5ab91000 	C:\Windows\System32\combase.dll
0x00007ffa5ac40000 - 0x00007ffa5ad18000 	C:\Windows\System32\OLEAUT32.dll
0x00007ffa3eee0000 - 0x00007ffa3ef12000 	C:\Windows\SYSTEM32\dbgcore.DLL
0x00007ffa594d0000 - 0x00007ffa5954b000 	C:\Windows\System32\bcryptPrimitives.dll
0x00007ffa409e0000 - 0x00007ffa409ee000 	C:\jdk-17\bin\instrument.dll
0x00007ffa3fc90000 - 0x00007ffa3fcb5000 	C:\jdk-17\bin\java.dll
0x00007ffa37710000 - 0x00007ffa377e6000 	C:\jdk-17\bin\svml.dll
0x00007ffa5b550000 - 0x00007ffa5bdec000 	C:\Windows\System32\SHELL32.dll
0x00007ffa59600000 - 0x00007ffa5973f000 	C:\Windows\System32\wintypes.dll
0x00007ffa56f70000 - 0x00007ffa5788a000 	C:\Windows\SYSTEM32\windows.storage.dll
0x00007ffa5a430000 - 0x00007ffa5a534000 	C:\Windows\System32\SHCORE.dll
0x00007ffa5bdf0000 - 0x00007ffa5be59000 	C:\Windows\System32\shlwapi.dll
0x00007ffa58ff0000 - 0x00007ffa59015000 	C:\Windows\SYSTEM32\profapi.dll
0x00007ffa408e0000 - 0x00007ffa408f8000 	C:\jdk-17\bin\zip.dll
0x00007ffa3fc70000 - 0x00007ffa3fc89000 	C:\jdk-17\bin\net.dll
0x00007ffa523d0000 - 0x00007ffa524fc000 	C:\Windows\SYSTEM32\WINHTTP.dll
0x00007ffa58520000 - 0x00007ffa58589000 	C:\Windows\system32\mswsock.dll
0x00007ffa3fa90000 - 0x00007ffa3faa5000 	C:\jdk-17\bin\nio.dll
0x00007ffa409d0000 - 0x00007ffa409e0000 	C:\jdk-17\bin\verify.dll
0x00007ffa4f740000 - 0x00007ffa4f767000 	C:\Users\¿¹¿¬\.gradle\native\660c5614fbf4a5f2a75b1949f50a0caf5cd603558e7d8a26e50b933a0cfb79d1\windows-amd64\native-platform.dll
0x00007ffa33d40000 - 0x00007ffa33db7000 	C:\Users\¿¹¿¬\.gradle\native\0.2.8\x86_64-windows-gnu\gradle-fileevents.dll
0x00007ffa3de70000 - 0x00007ffa3de79000 	C:\jdk-17\bin\management.dll
0x00007ffa3de60000 - 0x00007ffa3de6b000 	C:\jdk-17\bin\management_ext.dll
0x00007ffa57b30000 - 0x00007ffa57b5d000 	C:\Windows\SYSTEM32\IPHLPAPI.DLL
0x00007ffa5ac30000 - 0x00007ffa5ac39000 	C:\Windows\System32\NSI.dll
0x00007ffa4eff0000 - 0x00007ffa4f009000 	C:\Windows\SYSTEM32\dhcpcsvc6.DLL
0x00007ffa4ede0000 - 0x00007ffa4edff000 	C:\Windows\SYSTEM32\dhcpcsvc.DLL
0x00007ffa57bb0000 - 0x00007ffa57ca8000 	C:\Windows\SYSTEM32\DNSAPI.dll
0x00007ffa58870000 - 0x00007ffa5888b000 	C:\Windows\SYSTEM32\CRYPTSP.dll
0x00007ffa57fe0000 - 0x00007ffa58017000 	C:\Windows\system32\rsaenh.dll
0x00007ffa585c0000 - 0x00007ffa585e8000 	C:\Windows\SYSTEM32\USERENV.dll
0x00007ffa58850000 - 0x00007ffa5885c000 	C:\Windows\SYSTEM32\CRYPTBASE.dll
0x00007ffa3de50000 - 0x00007ffa3de5e000 	C:\jdk-17\bin\sunmscapi.dll
0x00007ffa59a40000 - 0x00007ffa59ba8000 	C:\Windows\System32\CRYPT32.dll
0x00007ffa58990000 - 0x00007ffa589be000 	C:\Windows\SYSTEM32\ncrypt.dll
0x00007ffa58950000 - 0x00007ffa58987000 	C:\Windows\SYSTEM32\NTASN1.dll
0x00007ffa28ff0000 - 0x00007ffa28ff8000 	C:\Windows\system32\wshunix.dll

dbghelp: loaded successfully - version: 4.0.5 - missing functions: none
symbol engine: initialized successfully - sym options: 0x614 - pdb path: .;C:\jdk-17\bin;C:\Windows\SYSTEM32;C:\Windows\WinSxS\amd64_microsoft.windows.common-controls_6595b64144ccf1df_6.0.22621.6060_none_2712eda17382d24b;C:\jdk-17\bin\server;C:\Users\¿¹¿¬\.gradle\native\660c5614fbf4a5f2a75b1949f50a0caf5cd603558e7d8a26e50b933a0cfb79d1\windows-amd;C:\Users\¿¹¿¬\.gradle\native\660c5614fbf4a5f2a75b1949f50a0caf5cd603558e7d8a26e50b933a0cfb79d1\windows-amd64;C:\Users\¿¹¿¬\.gradle\native\0.2.8\x86_64-windo;C:\Users\¿¹¿¬\.gradle\native\0.2.8\x86_64-win;C:\Users\¿¹¿¬\.gradle\native\0.2.8\x86_64-w;C:\Users\¿¹¿¬\.gradle\native\0.2.8\x86_64;C:\Users\¿¹¿¬\.gradle\native\0.2.8\x86_

VM Arguments:
jvm_args: --add-opens=java.base/java.lang=ALL-UNNAMED --add-opens=java.base/java.lang.invoke=ALL-UNNAMED --add-opens=java.base/java.util=ALL-UNNAMED --add-opens=java.prefs/java.util.prefs=ALL-UNNAMED --add-exports=jdk.compiler/com.sun.tools.javac.api=ALL-UNNAMED --add-exports=jdk.compiler/com.sun.tools.javac.util=ALL-UNNAMED --add-opens=java.base/java.nio.charset=ALL-UNNAMED --add-opens=java.base/java.net=ALL-UNNAMED --add-opens=java.base/java.util.concurrent=ALL-UNNAMED --add-opens=java.base/java.util.concurrent.atomic=ALL-UNNAMED --add-opens=java.xml/javax.xml.namespace=ALL-UNNAMED --add-opens=java.base/java.time=ALL-UNNAMED -XX:MaxMetaspaceSize=384m -XX:+HeapDumpOnOutOfMemoryError -Xms256m -Xmx512m -Dfile.encoding=UTF-8 -Duser.country=KR -Duser.language=ko -Duser.variant -javaagent:C:\Users\¿¹¿¬\.gradle\wrapper\dists\gradle-9.6.1-bin\4ticwg1pgcbps2hj28r8so764\gradle-9.6.1\lib\agents\gradle-instrumentation-agent-9.6.1.jar 
java_command: org.gradle.launcher.daemon.bootstrap.GradleDaemon 9.6.1
java_class_path (initial): C:\Users\¿¹¿¬\.gradle\wrapper\dists\gradle-9.6.1-bin\4ticwg1pgcbps2hj28r8so764\gradle-9.6.1\lib\gradle-daemon-main-9.6.1.jar
Launcher Type: SUN_STANDARD

[Global flags]
     intx CICompilerCount                          = 4                                         {product} {ergonomic}
   size_t CompressedClassSpaceSize                 = 322961408                                 {product} {ergonomic}
     uint ConcGCThreads                            = 3                                         {product} {ergonomic}
     uint G1ConcRefinementThreads                  = 10                                        {product} {ergonomic}
   size_t G1HeapRegionSize                         = 1048576                                   {product} {ergonomic}
    uintx GCDrainStackTargetSize                   = 64                                        {product} {ergonomic}
     bool HeapDumpOnOutOfMemoryError               = true                                   {manageable} {command line}
   size_t InitialHeapSize                          = 268435456                                 {product} {command line}
   size_t MarkStackSize                            = 4194304                                   {product} {ergonomic}
   size_t MaxHeapSize                              = 536870912                                 {product} {command line}
   size_t MaxMetaspaceSize                         = 402653184                                 {product} {command line}
   size_t MaxNewSize                               = 321912832                                 {product} {ergonomic}
   size_t MinHeapDeltaBytes                        = 1048576                                   {product} {ergonomic}
   size_t MinHeapSize                              = 268435456                                 {product} {command line}
    uintx NonNMethodCodeHeapSize                   = 5839372                                {pd product} {ergonomic}
    uintx NonProfiledCodeHeapSize                  = 122909434                              {pd product} {ergonomic}
    uintx ProfiledCodeHeapSize                     = 122909434                              {pd product} {ergonomic}
    uintx ReservedCodeCacheSize                    = 251658240                              {pd product} {ergonomic}
     bool SegmentedCodeCache                       = true                                      {product} {ergonomic}
   size_t SoftMaxHeapSize                          = 536870912                              {manageable} {ergonomic}
     bool UseCompressedClassPointers               = true                           {product lp64_product} {ergonomic}
     bool UseCompressedOops                        = true                           {product lp64_product} {ergonomic}
     bool UseG1GC                                  = true                                      {product} {ergonomic}
     bool UseLargePagesIndividualAllocation        = false                                  {pd product} {ergonomic}

Logging:
Log output configuration:
 #0: stdout all=warning uptime,level,tags
 #1: stderr all=off uptime,level,tags

Environment Variables:
JAVA_HOME=C:\jdk-17
PATH=C:\Python314\Scripts\;C:\Python314\;C:\Program Files\Eclipse Adoptium\jdk-21.0.4.7-hotspot\bin;C:\jdk-17\bin;C:\Program Files\Common Files\Oracle\Java\javapath;C:\Program Files (x86)\Common Files\Oracle\Java\javapath;C:\WinAVR-20100110\bin;C:\WinAVR-20100110\utils\bin;C:\Program Files (x86)\Common Files\Oracle\Java\java8path;C:\Windows\system32;C:\Windows;C:\Windows\System32\Wbem;C:\Windows\System32\WindowsPowerShell\v1.0\;C:\Windows\System32\OpenSSH\;C:\Program Files (x86)\Windows Kits\10\Windows Performance Toolkit\;C:\Program Files\dotnet\;C:\ProgramData\chocolatey\bin;C:\Program Files\Git\cmd;C:\Users\¿¹¿¬\AppData\Local\nvm;C:\nvm4w\nodejs;C:\jdk-17\bin;C:\Program Files\MySQL\MySQL Server 8.4\bin;C:\Users\¿¹¿¬\AppData\Local\Programs\Python\Python313\Scripts\;C:\Users\¿¹¿¬\AppData\Local\Programs\Python\Python313\;C:\Users\¿¹¿¬\AppData\Local\Microsoft\WindowsApps;C:\Users\¿¹¿¬\AppData\Local\Programs\Microsoft VS Code\bin;C:\Users\¿¹¿¬\AppData\Roaming\npm;C:\Program Files\JetBrains\IntelliJ IDEA 2024.3.3\bin;;C:\Users\¿¹¿¬\AppData\Local\GitHubDesktop\bin;C:\Users\¿¹¿¬\AppData\Local\nvm;C:\nvm4w\nodejs;C:\Program Files\MongoDB\Server\7.0\data;C:\Program Files\MongoDB\Server\7.0\bin;;C:\Users\¿¹¿¬\AppData\Local\Programs\DockerDesktop\resources\bin
USERNAME=¿¹¿¬
OS=Windows_NT
PROCESSOR_IDENTIFIER=Intel64 Family 6 Model 186 Stepping 3, GenuineIntel



---------------  S Y S T E M  ---------------

OS:
 Windows 10 , 64 bit Build 22621 (10.0.22621.5415)
OS uptime: 35 days 1:30 hours
Hyper-V role detected

CPU: total 12 (initial active 12) (6 cores per cpu, 2 threads per core) family 6 model 186 stepping 3 microcode 0x411c, cx8, cmov, fxsr, ht, mmx, 3dnowpref, sse, sse2, sse3, ssse3, sse4.1, sse4.2, popcnt, lzcnt, tsc, tscinvbit, avx, avx2, aes, erms, clmul, bmi1, bmi2, adx, sha, fma, vzeroupper, clflush, clflushopt, clwb, hv

Memory: 4k page, system-wide physical 16098M (3073M free)
TotalPageFile size 19006M (AvailPageFile size 334M)
current process WorkingSet (physical memory assigned to process): 464M, peak: 468M
current process commit charge ("private bytes"): 524M, peak: 528M

vm_info: OpenJDK 64-Bit Server VM (17+35-2724) for windows-amd64 JRE (17+35-2724), built on Aug  5 2021 23:26:02 by "mach5one" with MS VC++ 16.8 (VS2019)

END.
